Component: ARM Compiler 5.06 update 7 (build 960) Tool: armlink [4d3601]

==============================================================================

Section Cross References

    startup.o(STACK) refers (Special) to heapauxi.o(.text) for __use_two_region_memory
    startup.o(HEAP) refers (Special) to heapauxi.o(.text) for __use_two_region_memory
    startup.o(RESET) refers (Special) to heapauxi.o(.text) for __use_two_region_memory
    startup.o(RESET) refers to startup.o(STACK) for StackMem
    startup.o(RESET) refers to lab10.o(i.SysTick_Handler) for SysTick_Handler
    startup.o(RESET) refers to timer0.o(i.Timer0A_Handler) for Timer0A_Handler
    startup.o(RESET) refers to timer1.o(i.Timer1A_Handler) for Timer1A_Handler
    startup.o(RESET) refers to timer2.o(i.Timer2A_Handler) for Timer2A_Handler
    startup.o(RESET) refers to texas.o(i.Timer5A_Handler) for Timer5A_Handler
    startup.o(RESET) refers to __main.o(!!!main) for __main
    startup.o(.text) refers (Special) to heapauxi.o(.text) for __use_two_region_memory
    startup.o(.text) refers to startup.o(HEAP) for HeapMem
    startup.o(.text) refers to startup.o(STACK) for StackMem
    random.o(.text) refers to random.o(DATA) for M
    lab10.o(i.Asteroid_Animate1) refers to ssd1306_2.o(i.SSD1306_2_DrawBMP) for SSD1306_2_DrawBMP
    lab10.o(i.Asteroid_Animate1) refers to ssd1306_2.o(i.SSD1306_2_OutBuffer) for SSD1306_2_OutBuffer
    lab10.o(i.Asteroid_Animate1) refers to lab10.o(.data) for move1
    lab10.o(i.Asteroid_Animate1) refers to lab10.o(.constdata) for Asteroid_Animation_1
    lab10.o(i.Asteroid_Animate2) refers to ssd1306_2.o(i.SSD1306_2_DrawBMP) for SSD1306_2_DrawBMP
    lab10.o(i.Asteroid_Animate2) refers to ssd1306_2.o(i.SSD1306_2_OutBuffer) for SSD1306_2_OutBuffer
    lab10.o(i.Asteroid_Animate2) refers to lab10.o(.data) for move2
    lab10.o(i.Asteroid_Animate2) refers to lab10.o(.constdata) for Asteroid_Animation_1
    lab10.o(i.Asteroid_Animate3) refers to ssd1306_2.o(i.SSD1306_2_DrawBMP) for SSD1306_2_DrawBMP
    lab10.o(i.Asteroid_Animate3) refers to ssd1306_2.o(i.SSD1306_2_OutBuffer) for SSD1306_2_OutBuffer
    lab10.o(i.Asteroid_Animate3) refers to lab10.o(.data) for move3
    lab10.o(i.Asteroid_Animate3) refers to lab10.o(.constdata) for Asteroid_Animation_1
    lab10.o(i.Asteroid_Animate4) refers to ssd1306_2.o(i.SSD1306_2_DrawBMP) for SSD1306_2_DrawBMP
    lab10.o(i.Asteroid_Animate4) refers to ssd1306_2.o(i.SSD1306_2_OutBuffer) for SSD1306_2_OutBuffer
    lab10.o(i.Asteroid_Animate4) refers to lab10.o(.data) for move4
    lab10.o(i.Asteroid_Animate4) refers to lab10.o(.constdata) for Asteroid_Animation_1
    lab10.o(i.BigCheck) refers to timer1.o(i.Timer1A_Stop) for Timer1A_Stop
    lab10.o(i.BigCheck) refers to timer0.o(i.Timer0A_Stop) for Timer0A_Stop
    lab10.o(i.BigCheck) refers to ssd1306_2.o(i.SSD1306_2_ClearBuffer) for SSD1306_2_ClearBuffer
    lab10.o(i.BigCheck) refers to ssd1306_2.o(i.SSD1306_2_DrawBMP) for SSD1306_2_DrawBMP
    lab10.o(i.BigCheck) refers to ssd1306_2.o(i.SSD1306_2_OutBuffer) for SSD1306_2_OutBuffer
    lab10.o(i.BigCheck) refers to lab10.o(.data) for Position
    lab10.o(i.BigCheck) refers to lab10.o(.constdata) for Explosion
    lab10.o(i.DebrisMove1) refers to random.o(.text) for Random
    lab10.o(i.DebrisMove1) refers to lab10.o(i.ShieldCheck1) for ShieldCheck1
    lab10.o(i.DebrisMove1) refers to lab10.o(i.BigCheck) for BigCheck
    lab10.o(i.DebrisMove1) refers to lab10.o(.data) for move1
    lab10.o(i.DebrisMove1) refers to timer1.o(.data) for shieldOn
    lab10.o(i.DebrisMove2) refers to random.o(.text) for Random
    lab10.o(i.DebrisMove2) refers to lab10.o(i.ShieldCheck2) for ShieldCheck2
    lab10.o(i.DebrisMove2) refers to lab10.o(i.BigCheck) for BigCheck
    lab10.o(i.DebrisMove2) refers to lab10.o(.data) for move2
    lab10.o(i.DebrisMove2) refers to timer1.o(.data) for shieldOn
    lab10.o(i.DebrisMove3) refers to random.o(.text) for Random
    lab10.o(i.DebrisMove3) refers to lab10.o(i.ShieldCheck3) for ShieldCheck3
    lab10.o(i.DebrisMove3) refers to lab10.o(i.BigCheck) for BigCheck
    lab10.o(i.DebrisMove3) refers to lab10.o(.data) for move3
    lab10.o(i.DebrisMove3) refers to timer1.o(.data) for shieldOn
    lab10.o(i.DebrisMove4) refers to lab10.o(i.ShieldCheck4) for ShieldCheck4
    lab10.o(i.DebrisMove4) refers to lab10.o(i.BigCheck) for BigCheck
    lab10.o(i.DebrisMove4) refers to lab10.o(.data) for move4
    lab10.o(i.DebrisMove4) refers to timer1.o(.data) for shieldOn
    lab10.o(i.EnglishStory) refers to ssd1306_2.o(i.SSD1306_2_OutClear) for SSD1306_2_OutClear
    lab10.o(i.EnglishStory) refers to ssd1306_2.o(i.SSD1306_2_DrawBMP) for SSD1306_2_DrawBMP
    lab10.o(i.EnglishStory) refers to ssd1306_2.o(i.SSD1306_2_OutBuffer) for SSD1306_2_OutBuffer
    lab10.o(i.EnglishStory) refers to ssd1306.o(i.SSD1306_OutClear) for SSD1306_OutClear
    lab10.o(i.EnglishStory) refers to ssd1306.o(i.SSD1306_SetCursor) for SSD1306_SetCursor
[...]
    defsig_fpe_inner.o(.text) refers to defsig_general.o(.text) for __default_signal_display
    defsig_rtred_inner.o(.text) refers to defsig_general.o(.text) for __default_signal_display
    defsig_stak_inner.o(.text) refers to defsig_general.o(.text) for __default_signal_display
    defsig_pvfn_inner.o(.text) refers to defsig_general.o(.text) for __default_signal_display
    defsig_cppl_inner.o(.text) refers to defsig_general.o(.text) for __default_signal_display
    defsig_segv_inner.o(.text) refers to defsig_general.o(.text) for __default_signal_display
    defsig_other.o(.text) refers to defsig_general.o(.text) for __default_signal_display


==============================================================================

Removing Unused input sections from the image.

    Removing lab10.o(i.Asteroid_Animate1), (220 bytes).
    Removing lab10.o(i.Asteroid_Animate2), (220 bytes).
    Removing lab10.o(i.Asteroid_Animate3), (220 bytes).
    Removing lab10.o(i.Asteroid_Animate4), (220 bytes).
    Removing lab10.o(i.Delay1ms), (32 bytes).
    Removing lab10.o(i.LogicAnalyzerTask), (32 bytes).
    Removing lab10.o(i.Profile_Init), (100 bytes).
    Removing lab10.o(i.ScopeTask), (20 bytes).
    Removing timer0.o(i.Timer0A_Start), (20 bytes).
    Removing print.o(.text), (304 bytes).
    Removing i2c3.o(i.I2C3_Recv), (276 bytes).
    Removing i2c3.o(i.I2C3_Recv1), (88 bytes).
    Removing i2c3.o(i.I2C3_Recv2), (120 bytes).
    Removing i2c3.o(i.I2C3_Recv3), (116 bytes).
    Removing i2c3.o(i.I2C3_Send1), (60 bytes).
    Removing i2c3.o(i.I2C3_Send4), (212 bytes).
    Removing ssd1306.o(i.SSD1306_Dim), (44 bytes).
    Removing ssd1306.o(i.SSD1306_DrawChar), (104 bytes).
    Removing ssd1306.o(i.SSD1306_DrawFastHLine), (140 bytes).
    Removing ssd1306.o(i.SSD1306_DrawFastVLine), (140 bytes).
    Removing ssd1306.o(i.SSD1306_DrawFullImage), (44 bytes).
    Removing ssd1306.o(i.SSD1306_DrawPixel), (248 bytes).
    Removing ssd1306.o(i.SSD1306_DrawPoint), (124 bytes).
    Removing ssd1306.o(i.SSD1306_DrawString), (40 bytes).
    Removing ssd1306.o(i.SSD1306_GetBuffer), (8 bytes).
    Removing ssd1306.o(i.SSD1306_GetPixel), (124 bytes).
    Removing ssd1306.o(i.SSD1306_InvertDisplay), (20 bytes).
    Removing ssd1306.o(i.SSD1306_OutHex7), (36 bytes).
    Removing ssd1306.o(i.SSD1306_OutSDec), (440 bytes).
    Removing ssd1306.o(i.SSD1306_OutSFix1), (208 bytes).
    Removing ssd1306.o(i.SSD1306_OutUDec), (412 bytes).
    Removing ssd1306.o(i.SSD1306_OutUDec16), (144 bytes).
    Removing ssd1306.o(i.SSD1306_OutUFix1), (108 bytes).
    Removing ssd1306.o(i.SSD1306_OutUHex7), (40 bytes).
    Removing ssd1306.o(i.SSD1306_SetPlot), (104 bytes).
    Removing ssd1306.o(i.SSD1306_startscrolldiagleft), (68 bytes).
    Removing ssd1306.o(i.SSD1306_startscrolldiagright), (68 bytes).
    Removing ssd1306.o(i.SSD1306_startscrollleft), (52 bytes).
    Removing ssd1306.o(i.SSD1306_startscrollright), (52 bytes).
    Removing ssd1306.o(i.SSD1306_stopscroll), (10 bytes).
    Removing ssd1306.o(i.ferror), (8 bytes).
    Removing ssd1306.o(i.fgetc), (6 bytes).
    Removing ssd1306.o(i.fputc), (16 bytes).
    Removing ssd1306.o(i.ssd1306drawFastHLineInternal), (164 bytes).
    Removing ssd1306.o(i.ssd1306drawFastVLineInternal), (356 bytes).
    Removing texas.o(i.ADC1_Init), (200 bytes).
    Removing texas.o(i.TExaS_Init), (112 bytes).
    Removing texas.o(i.TExaS_Stop), (24 bytes).
    Removing texas.o(i.UART0_Init), (172 bytes).
    Removing i2c1.o(i.I2C1_Recv), (276 bytes).
    Removing i2c1.o(i.I2C1_Recv1), (88 bytes).
    Removing i2c1.o(i.I2C1_Recv2), (120 bytes).
    Removing i2c1.o(i.I2C1_Recv3), (116 bytes).
    Removing i2c1.o(i.I2C1_Send1), (60 bytes).
    Removing i2c1.o(i.I2C1_Send4), (212 bytes).
    Removing ssd1306_2.o(i.SSD1306_2_Dim), (44 bytes).
    Removing ssd1306_2.o(i.SSD1306_2_DrawChar), (104 bytes).
    Removing ssd1306_2.o(i.SSD1306_2_DrawFastHLine), (140 bytes).
    Removing ssd1306_2.o(i.SSD1306_2_DrawFastVLine), (140 bytes).
    Removing ssd1306_2.o(i.SSD1306_2_DrawFullImage), (44 bytes).
    Removing ssd1306_2.o(i.SSD1306_2_DrawPixel), (248 bytes).
    Removing ssd1306_2.o(i.SSD1306_2_DrawPoint), (124 bytes).
    Removing ssd1306_2.o(i.SSD1306_2_DrawString), (40 bytes).
    Removing ssd1306_2.o(i.SSD1306_2_GetBuffer), (8 bytes).
    Removing ssd1306_2.o(i.SSD1306_2_GetPixel), (124 bytes).
    Removing ssd1306_2.o(i.SSD1306_2_InvertDisplay), (20 bytes).
    Removing ssd1306_2.o(i.SSD1306_2_OutHex7), (36 bytes).
    Removing ssd1306_2.o(i.SSD1306_2_OutSDec), (440 bytes).
    Removing ssd1306_2.o(i.SSD1306_2_OutSFix1), (208 bytes).
    Removing ssd1306_2.o(i.SSD1306_2_OutUDec), (412 bytes).
    Removing ssd1306_2.o(i.SSD1306_2_OutUDec16), (144 bytes).
    Removing ssd1306_2.o(i.SSD1306_2_OutUDec2), (82 bytes).
    Removing ssd1306_2.o(i.SSD1306_2_OutUFix1), (108 bytes).
    Removing ssd1306_2.o(i.SSD1306_2_OutUHex7), (40 bytes).
    Removing ssd1306_2.o(i.SSD1306_2_SetPlot), (104 bytes).
    Removing ssd1306_2.o(i.SSD1306_2_startscrolldiagleft), (68 bytes).
    Removing ssd1306_2.o(i.SSD1306_2_startscrolldiagright), (68 bytes).
    Removing ssd1306_2.o(i.SSD1306_2_startscrollleft), (52 bytes).
    Removing ssd1306_2.o(i.SSD1306_2_startscrollright), (52 bytes).
    Removing ssd1306_2.o(i.SSD1306_2_stopscroll), (10 bytes).
    Removing ssd1306_2.o(i.ferror_2), (8 bytes).
    Removing ssd1306_2.o(i.fgetc_2), (6 bytes).
    Removing ssd1306_2.o(i.fputc_2), (16 bytes).
    Removing ssd1306_2.o(i.ssd1306_2drawFastHLineInternal), (164 bytes).
    Removing ssd1306_2.o(i.ssd1306_2drawFastVLineInternal), (356 bytes).
    Removing led_and_switch.o(i.LED_breathe), (260 bytes).

86 unused section(s) (total 10638 bytes) removed from the image.

==============================================================================

Image Symbol Table

    Local Symbols

    Symbol Name                              Value     Ov Type        Size  Object(Section)

    RESET                                    0x00000000   Section      644  startup.o(RESET)
    ../clib/angel/boardlib.s                 0x00000000   Number         0  boardshut.o ABSOLUTE
    ../clib/angel/boardlib.s                 0x00000000   Number         0  boardinit1.o ABSOLUTE
    ../clib/angel/boardlib.s                 0x00000000   Number         0  boardinit3.o ABSOLUTE
    ../clib/angel/boardlib.s                 0x00000000   Number         0  boardinit2.o ABSOLUTE
    ../clib/angel/dczerorl2.s                0x00000000   Number         0  __dczerorl2.o ABSOLUTE
    ../clib/angel/handlers.s                 0x00000000   Number         0  __scatter_zi.o ABSOLUTE
    ../clib/angel/kernel.s                   0x00000000   Number         0  __rtentry2.o ABSOLUTE
    ../clib/angel/kernel.s                   0x00000000   Number         0  __rtentry4.o ABSOLUTE
    ../clib/angel/kernel.s                   0x00000000   Number         0  rtexit.o ABSOLUTE
    ../clib/angel/kernel.s                   0x00000000   Number         0  rtexit2.o ABSOLUTE
    ../clib/angel/kernel.s                   0x00000000   Number         0  __rtentry.o ABSOLUTE
    ../clib/angel/rt.s                       0x00000000   Number         0  rt_raise.o ABSOLUTE
    ../clib/angel/scatter.s                  0x00000000   Number         0  __scatter.o ABSOLUTE
    ../clib/angel/startup.s                  0x00000000   Number         0  __main.o ABSOLUTE
    ../clib/angel/sys.s                      0x00000000   Number         0  libspace.o ABSOLUTE
    ../clib/angel/sys.s                      0x00000000   Number         0  use_no_semi.o ABSOLUTE
    ../clib/angel/sys.s                      0x00000000   Number         0  sys_stackheap_outer.o ABSOLUTE
    ../clib/angel/sys.s                      0x00000000   Number         0  indicate_semi.o ABSOLUTE
    ../clib/angel/sysapp.c                   0x00000000   Number         0  sys_command.o ABSOLUTE
    ../clib/angel/sysapp.c                   0x00000000   Number         0  sys_exit.o ABSOLUTE
    ../clib/angel/sysapp.c                   0x00000000   Number         0  sys_wrch.o ABSOLUTE
    ../clib/armsys.c                         0x00000000   Number         0  argv_veneer.o ABSOLUTE
    ../clib/armsys.c                         0x00000000   Number         0  argv_veneer.o ABSOLUTE
    ../clib/armsys.c                         0x00000000   Number         0  no_argv.o ABSOLUTE
    ../clib/armsys.c                         0x00000000   Number         0  _get_argv_nomalloc.o ABSOLUTE
    ../clib/heapalloc.c                      0x00000000   Number         0  hrguard.o ABSOLUTE
    ../clib/heapaux.c                        0x00000000   Number         0  heapauxi.o ABSOLUTE
    ../clib/libinit.s                        0x00000000   Number         0  libshutdown.o ABSOLUTE
    ../clib/libinit.s                        0x00000000   Number         0  libinit.o ABSOLUTE
    ../clib/libinit.s                        0x00000000   Number         0  libshutdown2.o ABSOLUTE
    ../clib/libinit.s                        0x00000000   Number         0  libinit2.o ABSOLUTE
    ../clib/signal.c                         0x00000000   Number         0  defsig_abrt_inner.o ABSOLUTE
    ../clib/signal.c                         0x00000000   Number         0  defsig_fpe_inner.o ABSOLUTE
    ../clib/signal.c                         0x00000000   Number         0  defsig_stak_inner.o ABSOLUTE
    ../clib/signal.c                         0x00000000   Number         0  defsig_cppl_inner.o ABSOLUTE
    ../clib/signal.c                         0x00000000   Number         0  defsig_segv_inner.o ABSOLUTE
    ../clib/signal.c                         0x00000000   Number         0  defsig_other.o ABSOLUTE
    ../clib/signal.c                         0x00000000   Number         0  defsig_rtred_inner.o ABSOLUTE
    ../clib/signal.c                         0x00000000   Number         0  defsig_pvfn_inner.o ABSOLUTE
    ../clib/signal.c                         0x00000000   Number         0  defsig_rtmem_formal.o ABSOLUTE
    ../clib/signal.c                         0x00000000   Number         0  defsig_rtmem_outer.o ABSOLUTE
    ../clib/signal.c                         0x00000000   Number         0  defsig_general.o ABSOLUTE
    ../clib/signal.c                         0x00000000   Number         0  defsig_exit.o ABSOLUTE
    ../clib/signal.c                         0x00000000   Number         0  defsig_rtmem_inner.o ABSOLUTE
    ../clib/signal.c                         0x00000000   Number         0  __raise.o ABSOLUTE
    ../clib/signal.s                         0x00000000   Number         0  defsig.o ABSOLUTE
    ../clib/stdlib.c                         0x00000000   Number         0  exit.o ABSOLUTE
    ../fplib/fpinit.s                        0x00000000   Number         0  fpinit.o ABSOLUTE
    ..\\inc\\CortexM.c                       0x00000000   Number         0  cortexm.o ABSOLUTE
    ..\inc\CortexM.c                         0x00000000   Number         0  cortexm.o ABSOLUTE
    ADC.c                                    0x00000000   Number         0  adc.o ABSOLUTE
    DAC.c                                    0x00000000   Number         0  dac.o ABSOLUTE
    I2C1.c                                   0x00000000   Number         0  i2c1.o ABSOLUTE
    I2C3.c                                   0x00000000   Number         0  i2c3.o ABSOLUTE
    LED_and_Switch.c                         0x00000000   Number         0  led_and_switch.o ABSOLUTE
    Lab10.c                                  0x00000000   Number         0  lab10.o ABSOLUTE
    Print.s                                  0x00000000   Number         0  print.o ABSOLUTE
    SSD1306.c                                0x00000000   Number         0  ssd1306.o ABSOLUTE
    SSD1306_2.c                              0x00000000   Number         0  ssd1306_2.o ABSOLUTE
    Sound.c                                  0x00000000   Number         0  sound.o ABSOLUTE
    TExaS.c                                  0x00000000   Number         0  texas.o ABSOLUTE
    Timer0.c                                 0x00000000   Number         0  timer0.o ABSOLUTE
    Timer1.c                                 0x00000000   Number         0  timer1.o ABSOLUTE
    Timer2.c                                 0x00000000   Number         0  timer2.o ABSOLUTE
    dc.s                                     0x00000000   Number         0  dc.o ABSOLUTE
    random.s                                 0x00000000   Number         0  random.o ABSOLUTE
    startup.s                                0x00000000   Number         0  startup.o ABSOLUTE
    !!!main                                  0x00000284   Section        8  __main.o(!!!main)
    !!!scatter                               0x0000028c   Section       52  __scatter.o(!!!scatter)
    !!dczerorl2                              0x000002c0   Section       90  __dczerorl2.o(!!dczerorl2)
    !!handler_zi                             0x0000031c   Section       28  __scatter_zi.o(!!handler_zi)
    .ARM.Collect$$libinit$$00000000          0x00000338   Section        2  libinit.o(.ARM.Collect$$libinit$$00000000)
    .ARM.Collect$$libinit$$00000002          0x0000033a   Section        0  libinit2.o(.ARM.Collect$$libinit$$00000002)
    .ARM.Collect$$libinit$$00000004          0x0000033a   Section        0  libinit2.o(.ARM.Collect$$libinit$$00000004)
    .ARM.Collect$$libinit$$0000000A          0x0000033a   Section        0  libinit2.o(.ARM.Collect$$libinit$$0000000A)
    .ARM.Collect$$libinit$$0000000C          0x0000033a   Section        0  libinit2.o(.ARM.Collect$$libinit$$0000000C)
    .ARM.Collect$$libinit$$0000000E          0x0000033a   Section        0  libinit2.o(.ARM.Collect$$libinit$$0000000E)
    .ARM.Collect$$libinit$$00000011          0x0000033a   Section        0  libinit2.o(.ARM.Collect$$libinit$$00000011)
    .ARM.Collect$$libinit$$00000013          0x0000033a   Section        0  libinit2.o(.ARM.Collect$$libinit$$00000013)
    .ARM.Collect$$libinit$$00000015          0x0000033a   Section        0  libinit2.o(.ARM.Collect$$libinit$$00000015)
    .ARM.Collect$$libinit$$00000017          0x0000033a   Section        0  libinit2.o(.ARM.Collect$$libinit$$00000017)
    .ARM.Collect$$libinit$$00000019          0x0000033a   Section        0  libinit2.o(.ARM.Collect$$libinit$$00000019)
    .ARM.Collect$$libinit$$0000001B          0x0000033a   Section        0  libinit2.o(.ARM.Collect$$libinit$$0000001B)
    .ARM.Collect$$libinit$$0000001D          0x0000033a   Section        0  libinit2.o(.ARM.Collect$$libinit$$0000001D)
    .ARM.Collect$$libinit$$0000001F          0x0000033a   Section        0  libinit2.o(.ARM.Collect$$libinit$$0000001F)
    .ARM.Collect$$libinit$$00000021          0x0000033a   Section        0  libinit2.o(.ARM.Collect$$libinit$$00000021)
    .ARM.Collect$$libinit$$00000023          0x0000033a   Section        0  libinit2.o(.ARM.Collect$$libinit$$00000023)
    .ARM.Collect$$libinit$$00000025          0x0000033a   Section        0  libinit2.o(.ARM.Collect$$libinit$$00000025)
    .ARM.Collect$$libinit$$0000002C          0x0000033a   Section        0  libinit2.o(.ARM.Collect$$libinit$$0000002C)
    .ARM.Collect$$libinit$$0000002E          0x0000033a   Section        0  libinit2.o(.ARM.Collect$$libinit$$0000002E)
    .ARM.Collect$$libinit$$00000030          0x0000033a   Section        0  libinit2.o(.ARM.Collect$$libinit$$00000030)
    .ARM.Collect$$libinit$$00000032          0x0000033a   Section        0  libinit2.o(.ARM.Collect$$libinit$$00000032)
    .ARM.Collect$$libinit$$00000033          0x0000033a   Section        2  libinit2.o(.ARM.Collect$$libinit$$00000033)
    .ARM.Collect$$libshutdown$$00000000      0x0000033c   Section        2  libshutdown.o(.ARM.Collect$$libshutdown$$00000000)
    .ARM.Collect$$libshutdown$$00000002      0x0000033e   Section        0  libshutdown2.o(.ARM.Collect$$libshutdown$$00000002)
    .ARM.Collect$$libshutdown$$00000004      0x0000033e   Section        0  libshutdown2.o(.ARM.Collect$$libshutdown$$00000004)
    .ARM.Collect$$libshutdown$$00000006      0x0000033e   Section        0  libshutdown2.o(.ARM.Collect$$libshutdown$$00000006)
    .ARM.Collect$$libshutdown$$00000009      0x0000033e   Section        0  libshutdown2.o(.ARM.Collect$$libshutdown$$00000009)
    .ARM.Collect$$libshutdown$$0000000C      0x0000033e   Section        0  libshutdown2.o(.ARM.Collect$$libshutdown$$0000000C)
    .ARM.Collect$$libshutdown$$0000000E      0x0000033e   Section        0  libshutdown2.o(.ARM.Collect$$libshutdown$$0000000E)
    .ARM.Collect$$libshutdown$$00000011      0x0000033e   Section        0  libshutdown2.o(.ARM.Collect$$libshutdown$$00000011)
    .ARM.Collect$$libshutdown$$00000012      0x0000033e   Section        2  libshutdown2.o(.ARM.Collect$$libshutdown$$00000012)
    .ARM.Collect$$rtentry$$00000000          0x00000340   Section        0  __rtentry.o(.ARM.Collect$$rtentry$$00000000)
    .ARM.Collect$$rtentry$$00000002          0x00000340   Section        0  __rtentry2.o(.ARM.Collect$$rtentry$$00000002)
    .ARM.Collect$$rtentry$$00000004          0x00000340   Section        6  __rtentry4.o(.ARM.Collect$$rtentry$$00000004)
    .ARM.Collect$$rtentry$$00000009          0x00000346   Section        0  __rtentry2.o(.ARM.Collect$$rtentry$$00000009)
    .ARM.Collect$$rtentry$$0000000A          0x00000346   Section        4  __rtentry2.o(.ARM.Collect$$rtentry$$0000000A)
    .ARM.Collect$$rtentry$$0000000C          0x0000034a   Section        0  __rtentry2.o(.ARM.Collect$$rtentry$$0000000C)
    .ARM.Collect$$rtentry$$0000000D          0x0000034a   Section        8  __rtentry2.o(.ARM.Collect$$rtentry$$0000000D)
    .ARM.Collect$$rtexit$$00000000           0x00000352   Section        2  rtexit.o(.ARM.Collect$$rtexit$$00000000)
    .ARM.Collect$$rtexit$$00000002           0x00000354   Section        0  rtexit2.o(.ARM.Collect$$rtexit$$00000002)
    .ARM.Collect$$rtexit$$00000003           0x00000354   Section        4  rtexit2.o(.ARM.Collect$$rtexit$$00000003)
    .ARM.Collect$$rtexit$$00000004           0x00000358   Section        6  rtexit2.o(.ARM.Collect$$rtexit$$00000004)
    .emb_text                                0x00000360   Section        6  cortexm.o(.emb_text)
    .text                                    0x00000368   Section       48  startup.o(.text)
    .text                                    0x00000398   Section       64  random.o(.text)
    .text                                    0x000003d8   Section        0  heapauxi.o(.text)
    .text                                    0x000003de   Section       74  sys_stackheap_outer.o(.text)
    .text                                    0x00000428   Section        0  exit.o(.text)
    .text                                    0x0000043c   Section        8  libspace.o(.text)
    .text                                    0x00000444   Section        0  sys_exit.o(.text)
    .text                                    0x00000450   Section        2  use_no_semi.o(.text)
    .text                                    0x00000452   Section        0  indicate_semi.o(.text)
    i.ADC_In                                 0x00000454   Section        0  adc.o(i.ADC_In)
    i.ADC_Init                               0x00000480   Section        0  adc.o(i.ADC_Init)
    i.BigCheck                               0x0000056c   Section        0  lab10.o(i.BigCheck)
    i.Clock_Delay1ms                         0x000005b4   Section        0  cortexm.o(i.Clock_Delay1ms)
    i.Convert                                0x000005ca   Section        0  lab10.o(i.Convert)
    i.DAC_Init                               0x000005d8   Section        0  dac.o(i.DAC_Init)
    i.DAC_Out                                0x00000644   Section        0  dac.o(i.DAC_Out)
    i.DebrisMove1                            0x00000650   Section        0  lab10.o(i.DebrisMove1)
    i.DebrisMove2                            0x00000760   Section        0  lab10.o(i.DebrisMove2)
    i.DebrisMove3                            0x00000820   Section        0  lab10.o(i.DebrisMove3)
    i.DebrisMove4                            0x000008e0   Section        0  lab10.o(i.DebrisMove4)
    i.Delay100ms                             0x000009a4   Section        0  lab10.o(i.Delay100ms)
    i.EnglishStory                           0x000009c8   Section        0  lab10.o(i.EnglishStory)
    i.Everything                             0x00000d04   Section        0  lab10.o(i.Everything)
    i.FirstSwitchToggle                      0x00000dd8   Section        0  led_and_switch.o(i.FirstSwitchToggle)
    i.Gameplay                               0x00000df4   Section        0  lab10.o(i.Gameplay)
    i.GameplayCheck                          0x00001118   Section        0  lab10.o(i.GameplayCheck)
    i.GameplayInit                           0x000012dc   Section        0  lab10.o(i.GameplayInit)
    i.I2C1_Init                              0x000013b4   Section        0  i2c1.o(i.I2C1_Init)
    i.I2C1_Send                              0x00001464   Section        0  i2c1.o(i.I2C1_Send)
    i.I2C1_Send2                             0x00001544   Section        0  i2c1.o(i.I2C1_Send2)
    i.I2C1_SendData                          0x000015b4   Section        0  i2c1.o(i.I2C1_SendData)
    i.I2C3_Init                              0x00001630   Section        0  i2c3.o(i.I2C3_Init)
    i.I2C3_Send                              0x000016dc   Section        0  i2c3.o(i.I2C3_Send)
    i.I2C3_Send2                             0x000017bc   Section        0  i2c3.o(i.I2C3_Send2)
    i.I2C3_SendData                          0x0000182c   Section        0  i2c3.o(i.I2C3_SendData)
    i.LED_and_Switch_Init                    0x000018a8   Section        0  led_and_switch.o(i.LED_and_Switch_Init)
    i.LED_off                                0x00001910   Section        0  led_and_switch.o(i.LED_off)
    i.LED_on                                 0x00001928   Section        0  led_and_switch.o(i.LED_on)
    i.Menu_Select_Language                   0x00001940   Section        0  lab10.o(i.Menu_Select_Language)
    i.PLL_Init                               0x00001b04   Section        0  texas.o(i.PLL_Init)
    i.SSD1306_2_ClearBuffer                  0x00001b80   Section        0  ssd1306_2.o(i.SSD1306_2_ClearBuffer)
    i.SSD1306_2_DrawBMP                      0x00001ba4   Section        0  ssd1306_2.o(i.SSD1306_2_DrawBMP)
    i.SSD1306_2_Init                         0x00001dbc   Section        0  ssd1306_2.o(i.SSD1306_2_Init)
    i.SSD1306_2_OutBuffer                    0x00001e78   Section        0  ssd1306_2.o(i.SSD1306_2_OutBuffer)
    i.SSD1306_2_OutChar                      0x00001ea0   Section        0  ssd1306_2.o(i.SSD1306_2_OutChar)
    i.SSD1306_2_OutClear                     0x00001fa4   Section        0  ssd1306_2.o(i.SSD1306_2_OutClear)
    i.SSD1306_2_OutString                    0x00001fb0   Section        0  ssd1306_2.o(i.SSD1306_2_OutString)
    i.SSD1306_2_SetCursor                    0x00001fc8   Section        0  ssd1306_2.o(i.SSD1306_2_SetCursor)
    i.SSD1306_ClearBuffer                    0x00002038   Section        0  ssd1306.o(i.SSD1306_ClearBuffer)
    i.SSD1306_DrawBMP                        0x0000205c   Section        0  ssd1306.o(i.SSD1306_DrawBMP)
    i.SSD1306_Init                           0x00002274   Section        0  ssd1306.o(i.SSD1306_Init)
    i.SSD1306_OutBuffer                      0x00002330   Section        0  ssd1306.o(i.SSD1306_OutBuffer)
    i.SSD1306_OutChar                        0x00002358   Section        0  ssd1306.o(i.SSD1306_OutChar)
    i.SSD1306_OutClear                       0x0000245c   Section        0  ssd1306.o(i.SSD1306_OutClear)
    i.SSD1306_OutString                      0x00002468   Section        0  ssd1306.o(i.SSD1306_OutString)
    i.SSD1306_OutUDec2                       0x00002480   Section        0  ssd1306.o(i.SSD1306_OutUDec2)
    i.SSD1306_SetCursor                      0x000024d4   Section        0  ssd1306.o(i.SSD1306_SetCursor)
    i.SecondSwitchToggle                     0x00002544   Section        0  led_and_switch.o(i.SecondSwitchToggle)
    i.ShieldCheck1                           0x00002560   Section        0  lab10.o(i.ShieldCheck1)
    i.ShieldCheck2                           0x0000259c   Section        0  lab10.o(i.ShieldCheck2)
    i.ShieldCheck3                           0x000025d8   Section        0  lab10.o(i.ShieldCheck3)
    i.ShieldCheck4                           0x00002614   Section        0  lab10.o(i.ShieldCheck4)
    i.SpanishStory                           0x00002650   Section        0  lab10.o(i.SpanishStory)
    i.SysTick_Handler                        0x0000279c   Section        0  lab10.o(i.SysTick_Handler)
    i.SysTick_Init                           0x000027b8   Section        0  lab10.o(i.SysTick_Init)
    i.ThirdSwitchToggle                      0x000027e4   Section        0  led_and_switch.o(i.ThirdSwitchToggle)
    i.Timer0A_Handler                        0x00002800   Section        0  timer0.o(i.Timer0A_Handler)
    i.Timer0A_Stop                           0x00002814   Section        0  timer0.o(i.Timer0A_Stop)
    i.Timer0_Init                            0x00002828   Section        0  timer0.o(i.Timer0_Init)
    i.Timer1A_Handler                        0x00002880   Section        0  timer1.o(i.Timer1A_Handler)
    i.Timer1A_Start                          0x00002928   Section        0  timer1.o(i.Timer1A_Start)
    i.Timer1A_Stop                           0x0000293c   Section        0  timer1.o(i.Timer1A_Stop)
    i.Timer1_Init                            0x00002950   Section        0  timer1.o(i.Timer1_Init)
    i.Timer2A_Handler                        0x000029a8   Section        0  timer2.o(i.Timer2A_Handler)
    i.Timer2A_Init                           0x000029c0   Section        0  timer2.o(i.Timer2A_Init)
    i.Timer2A_Stop                           0x00002a20   Section        0  timer2.o(i.Timer2A_Stop)
    i.Timer5A_Handler                        0x00002a40   Section        0  texas.o(i.Timer5A_Handler)
    i.TravelBar                              0x00002a58   Section        0  lab10.o(i.TravelBar)
    i.TravelBarReset                         0x00002bc4   Section        0  lab10.o(i.TravelBarReset)
    i.main                                   0x00002bf0   Section        0  lab10.o(i.main)
    i.playsample                             0x00002c34   Section        0  sound.o(i.playsample)
    i.playsound                              0x00002c80   Section        0  sound.o(i.playsound)
    i.ssd1306_2command                       0x00002ca0   Section        0  ssd1306_2.o(i.ssd1306_2command)
    i.ssd1306_2command1                      0x00002cb0   Section        0  ssd1306_2.o(i.ssd1306_2command1)
    i.ssd1306_2commandList                   0x00002cc0   Section        0  ssd1306_2.o(i.ssd1306_2commandList)
    i.ssd1306command                         0x00002cd2   Section        0  ssd1306.o(i.ssd1306command)
    i.ssd1306command1                        0x00002ce2   Section        0  ssd1306.o(i.ssd1306command1)
    i.ssd1306commandList                     0x00002cf2   Section        0  ssd1306.o(i.ssd1306commandList)
    .constdata                               0x00002d04   Section    35095  lab10.o(.constdata)
    .constdata                               0x0000b61b   Section    45487  sound.o(.constdata)
    .constdata                               0x000167ca   Section     1443  ssd1306.o(.constdata)
    ASCII                                    0x000167ca   Data        1374  ssd1306.o(.constdata)
    init1                                    0x00016d28   Data           5  ssd1306.o(.constdata)
    init2                                    0x00016d2d   Data           5  ssd1306.o(.constdata)
    init3                                    0x00016d32   Data           5  ssd1306.o(.constdata)
    init4b                                   0x00016d37   Data           4  ssd1306.o(.constdata)
    init5                                    0x00016d3b   Data           7  ssd1306.o(.constdata)
    premask                                  0x00016d42   Data           8  ssd1306.o(.constdata)
    postmask                                 0x00016d4a   Data           8  ssd1306.o(.constdata)
    dlist1                                   0x00016d52   Data           5  ssd1306.o(.constdata)
    scrollList1a                             0x00016d57   Data           2  ssd1306.o(.constdata)
    scrollList1b                             0x00016d59   Data           3  ssd1306.o(.constdata)
    scrollList2a                             0x00016d5c   Data           2  ssd1306.o(.constdata)
    scrollList2b                             0x00016d5e   Data           3  ssd1306.o(.constdata)
    scrollList3a                             0x00016d61   Data           2  ssd1306.o(.constdata)
    scrollList3b                             0x00016d63   Data           2  ssd1306.o(.constdata)
    scrollList3c                             0x00016d65   Data           2  ssd1306.o(.constdata)
    scrollList4a                             0x00016d67   Data           2  ssd1306.o(.constdata)
    scrollList4b                             0x00016d69   Data           2  ssd1306.o(.constdata)
    scrollList4c                             0x00016d6b   Data           2  ssd1306.o(.constdata)
    .constdata                               0x00016d6d   Section     1443  ssd1306_2.o(.constdata)
    ASCII                                    0x00016d6d   Data        1374  ssd1306_2.o(.constdata)
    init1                                    0x000172cb   Data           5  ssd1306_2.o(.constdata)
    init2                                    0x000172d0   Data           5  ssd1306_2.o(.constdata)
    init3                                    0x000172d5   Data           5  ssd1306_2.o(.constdata)
    init4b                                   0x000172da   Data           4  ssd1306_2.o(.constdata)
    init5                                    0x000172de   Data           7  ssd1306_2.o(.constdata)
    premask                                  0x000172e5   Data           8  ssd1306_2.o(.constdata)
    postmask                                 0x000172ed   Data           8  ssd1306_2.o(.constdata)
    dlist1                                   0x000172f5   Data           5  ssd1306_2.o(.constdata)
    scrollList1a                             0x000172fa   Data           2  ssd1306_2.o(.constdata)
    scrollList1b                             0x000172fc   Data           3  ssd1306_2.o(.constdata)
    scrollList2a                             0x000172ff   Data           2  ssd1306_2.o(.constdata)
    scrollList2b                             0x00017301   Data           3  ssd1306_2.o(.constdata)
    scrollList3a                             0x00017304   Data           2  ssd1306_2.o(.constdata)
    scrollList3b                             0x00017306   Data           2  ssd1306_2.o(.constdata)
    scrollList3c                             0x00017308   Data           2  ssd1306_2.o(.constdata)
    scrollList4a                             0x0001730a   Data           2  ssd1306_2.o(.constdata)
    scrollList4b                             0x0001730c   Data           2  ssd1306_2.o(.constdata)
    scrollList4c                             0x0001730e   Data           2  ssd1306_2.o(.constdata)
    .conststring                             0x00017310   Section      208  lab10.o(.conststring)
    .data                                    0x20000000   Section      620  lab10.o(.data)
    flag                                     0x20000218   Data           4  lab10.o(.data)
    final                                    0x2000021c   Data           4  lab10.o(.data)
    drawn                                    0x20000220   Data           4  lab10.o(.data)
    language                                 0x20000224   Data           4  lab10.o(.data)
    NextPercent                              0x20000228   Data           4  lab10.o(.data)
    GameStop                                 0x2000022c   Data           4  lab10.o(.data)
    Pause                                    0x20000230   Data           4  lab10.o(.data)
    .data                                    0x2000026c   Section        4  timer0.o(.data)
    .data                                    0x20000270   Section       24  timer1.o(.data)
    wait                                     0x2000027c   Data           4  timer1.o(.data)
    shield                                   0x20000280   Data           4  timer1.o(.data)
    hold                                     0x20000284   Data           4  timer1.o(.data)
    .data                                    0x20000288   Section       40  sound.o(.data)
    .data                                    0x200002b0   Section       42  ssd1306.o(.data)
    DeltaX                                   0x200002b8   Data           4  ssd1306.o(.data)
    MaxX                                     0x200002bc   Data           4  ssd1306.o(.data)
    MinX                                     0x200002c0   Data           4  ssd1306.o(.data)
    DeltaY                                   0x200002c4   Data           4  ssd1306.o(.data)
    MaxY                                     0x200002c8   Data           4  ssd1306.o(.data)
    MinY                                     0x200002cc   Data           4  ssd1306.o(.data)
    PlotColor                                0x200002d0   Data           2  ssd1306.o(.data)
    .data                                    0x200002dc   Section        4  texas.o(.data)
    .data                                    0x200002e0   Section       42  ssd1306_2.o(.data)
    DeltaX                                   0x200002e8   Data           4  ssd1306_2.o(.data)
    MaxX                                     0x200002ec   Data           4  ssd1306_2.o(.data)
    MinX                                     0x200002f0   Data           4  ssd1306_2.o(.data)
    DeltaY                                   0x200002f4   Data           4  ssd1306_2.o(.data)
    MaxY                                     0x200002f8   Data           4  ssd1306_2.o(.data)
    MinY                                     0x200002fc   Data           4  ssd1306_2.o(.data)
    PlotColor                                0x20000300   Data           2  ssd1306_2.o(.data)
    .data                                    0x2000030c   Section       24  led_and_switch.o(.data)
    .data                                    0x20000324   Section        4  timer2.o(.data)
    DATA                                     0x20000328   Section        4  random.o(DATA)
    M                                        0x20000328   Data           4  random.o(DATA)
    .bss                                     0x2000032c   Section     1024  ssd1306.o(.bss)
    .bss                                     0x2000072c   Section     1024  ssd1306_2.o(.bss)
    .bss                                     0x20000b2c   Section       96  libspace.o(.bss)
    HEAP                                     0x20000b90   Section        0  startup.o(HEAP)
    STACK                                    0x20000b90   Section     1024  startup.o(STACK)
    HeapMem                                  0x20000b90   Data           0  startup.o(HEAP)
    StackMem                                 0x20000b90   Data           0  startup.o(STACK)

    Global Symbols

    Symbol Name                              Value     Ov Type        Size  Object(Section)

    BuildAttributes$$THM_ISAv4$E$P$D$K$B$S$7EM$PE$A:L22UL41UL21$X:L11$S22US41US21$IEEE1$IW$USESV6$~STKCKD$USESV7$~SHL$OSPACE$ROPI$EBA8$UX$STANDARDLIB$REQ8$PRES8$EABIv2 0x00000000   Number         0  anon$$obj.o ABSOLUTE
    __ARM_use_no_argv                        0x00000000   Number         0  lab10.o ABSOLUTE
    __Vectors                                0x00000000   Data           0  startup.o(RESET)
    __ARM_exceptions_init                     - Undefined Weak Reference
    __alloca_initialize                       - Undefined Weak Reference
    __arm_fini_                               - Undefined Weak Reference
    __arm_preinit_                            - Undefined Weak Reference
    __cpp_initialize__aeabi_                  - Undefined Weak Reference
    __cxa_finalize                            - Undefined Weak Reference
    __rt_locale                               - Undefined Weak Reference
    __sigvec_lookup                           - Undefined Weak Reference
    _atexit_init                              - Undefined Weak Reference
    _call_atexit_fns                          - Undefined Weak Reference
    _clock_init                               - Undefined Weak Reference
    _fp_trap_init                             - Undefined Weak Reference
    _fp_trap_shutdown                         - Undefined Weak Reference
    _get_lc_collate                           - Undefined Weak Reference
    _get_lc_ctype                             - Undefined Weak Reference
    _get_lc_monetary                          - Undefined Weak Reference
    _get_lc_numeric                           - Undefined Weak Reference
    _get_lc_time                              - Undefined Weak Reference
    _getenv_init                              - Undefined Weak Reference
    _handle_redirection                       - Undefined Weak Reference
    _init_alloc                               - Undefined Weak Reference
    _init_user_alloc                          - Undefined Weak Reference
    _initio                                   - Undefined Weak Reference
    _rand_init                                - Undefined Weak Reference
    _signal_finish                            - Undefined Weak Reference
    _signal_init                              - Undefined Weak Reference
    _terminate_alloc                          - Undefined Weak Reference
    _terminate_user_alloc                     - Undefined Weak Reference
    _terminateio                              - Undefined Weak Reference
    Reset_Handler                            0x0000026d   Thumb Code     0  startup.o(RESET)
    NMI_Handler                              0x00000271   Thumb Code     2  startup.o(RESET)
    HardFault_Handler                        0x00000273   Thumb Code     2  startup.o(RESET)
    MemManage_Handler                        0x00000275   Thumb Code     2  startup.o(RESET)
    BusFault_Handler                         0x00000277   Thumb Code     2  startup.o(RESET)
    UsageFault_Handler                       0x00000279   Thumb Code     2  startup.o(RESET)
    SVC_Handler                              0x0000027b   Thumb Code     2  startup.o(RESET)
    DebugMon_Handler                         0x0000027d   Thumb Code     2  startup.o(RESET)
    PendSV_Handler                           0x0000027f   Thumb Code     2  startup.o(RESET)
    ADC0Seq0_Handler                         0x00000283   Thumb Code     0  startup.o(RESET)
    ADC0Seq1_Handler                         0x00000283   Thumb Code     0  startup.o(RESET)
    ADC0Seq2_Handler                         0x00000283   Thumb Code     0  startup.o(RESET)
    ADC0Seq3_Handler                         0x00000283   Thumb Code     0  startup.o(RESET)
    ADC1Seq0_Handler                         0x00000283   Thumb Code     0  startup.o(RESET)
    ADC1Seq1_Handler                         0x00000283   Thumb Code     0  startup.o(RESET)
    ADC1Seq2_Handler                         0x00000283   Thumb Code     0  startup.o(RESET)
    ADC1Seq3_Handler                         0x00000283   Thumb Code     0  startup.o(RESET)
    CAN0_Handler                             0x00000283   Thumb Code     0  startup.o(RESET)
    CAN1_Handler                             0x00000283   Thumb Code     0  startup.o(RESET)
    CAN2_Handler                             0x00000283   Thumb Code     0  startup.o(RESET)
    Comp0_Handler                            0x00000283   Thumb Code     0  startup.o(RESET)
    Comp1_Handler                            0x00000283   Thumb Code     0  startup.o(RESET)
    Comp2_Handler                            0x00000283   Thumb Code     0  startup.o(RESET)
    Ethernet_Handler                         0x00000283   Thumb Code     0  startup.o(RESET)
    ExtBus_Handler                           0x00000283   Thumb Code     0  startup.o(RESET)
    FPU_Handler                              0x00000283   Thumb Code     0  startup.o(RESET)
    Fan0_Handler                             0x00000283   Thumb Code     0  startup.o(RESET)
    FlashCtl_Handler                         0x00000283   Thumb Code     0  startup.o(RESET)
    GPIOPortA_Handler                        0x00000283   Thumb Code     0  startup.o(RESET)
    GPIOPortB_Handler                        0x00000283   Thumb Code     0  startup.o(RESET)
    GPIOPortC_Handler                        0x00000283   Thumb Code     0  startup.o(RESET)
    GPIOPortD_Handler                        0x00000283   Thumb Code     0  startup.o(RESET)
    GPIOPortE_Handler                        0x00000283   Thumb Code     0  startup.o(RESET)
    GPIOPortF_Handler                        0x00000283   Thumb Code     0  startup.o(RESET)
    GPIOPortG_Handler                        0x00000283   Thumb Code     0  startup.o(RESET)
    GPIOPortH_Handler                        0x00000283   Thumb Code     0  startup.o(RESET)
    GPIOPortJ_Handler                        0x00000283   Thumb Code     0  startup.o(RESET)
    GPIOPortK_Handler                        0x00000283   Thumb Code     0  startup.o(RESET)
    GPIOPortL_Handler                        0x00000283   Thumb Code     0  startup.o(RESET)
    GPIOPortM_Handler                        0x00000283   Thumb Code     0  startup.o(RESET)
    GPIOPortN_Handler                        0x00000283   Thumb Code     0  startup.o(RESET)
    GPIOPortP1_Handler                       0x00000283   Thumb Code     0  startup.o(RESET)
    GPIOPortP2_Handler                       0x00000283   Thumb Code     0  startup.o(RESET)
    GPIOPortP3_Handler                       0x00000283   Thumb Code     0  startup.o(RESET)
    GPIOPortP4_Handler                       0x00000283   Thumb Code     0  startup.o(RESET)
    GPIOPortP5_Handler                       0x00000283   Thumb Code     0  startup.o(RESET)
    GPIOPortP6_Handler                       0x00000283   Thumb Code     0  startup.o(RESET)
    GPIOPortP7_Handler                       0x00000283   Thumb Code     0  startup.o(RESET)
    GPIOPortP_Handler                        0x00000283   Thumb Code     0  startup.o(RESET)
    GPIOPortQ1_Handler                       0x00000283   Thumb Code     0  startup.o(RESET)
    GPIOPortQ2_Handler                       0x00000283   Thumb Code     0  startup.o(RESET)
    GPIOPortQ3_Handler                       0x00000283   Thumb Code     0  startup.o(RESET)
    GPIOPortQ4_Handler                       0x00000283   Thumb Code     0  startup.o(RESET)
    GPIOPortQ5_Handler                       0x00000283   Thumb Code     0  startup.o(RESET)
    GPIOPortQ6_Handler                       0x00000283   Thumb Code     0  startup.o(RESET)
    GPIOPortQ7_Handler                       0x00000283   Thumb Code     0  startup.o(RESET)
    GPIOPortQ_Handler                        0x00000283   Thumb Code     0  startup.o(RESET)
    GPIOPortR_Handler                        0x00000283   Thumb Code     0  startup.o(RESET)
    GPIOPortS_Handler                        0x00000283   Thumb Code     0  startup.o(RESET)
    Hibernate_Handler                        0x00000283   Thumb Code     0  startup.o(RESET)
    I2C0_Handler                             0x00000283   Thumb Code     0  startup.o(RESET)
    I2C1_Handler                             0x00000283   Thumb Code     0  startup.o(RESET)
    I2C2_Handler                             0x00000283   Thumb Code     0  startup.o(RESET)
    I2C3_Handler                             0x00000283   Thumb Code     0  startup.o(RESET)
    I2C4_Handler                             0x00000283   Thumb Code     0  startup.o(RESET)
    I2C5_Handler                             0x00000283   Thumb Code     0  startup.o(RESET)
    I2S0_Handler                             0x00000283   Thumb Code     0  startup.o(RESET)
    LPC0_Handler                             0x00000283   Thumb Code     0  startup.o(RESET)
    PECI0_Handler                            0x00000283   Thumb Code     0  startup.o(RESET)
    PWM0Fault_Handler                        0x00000283   Thumb Code     0  startup.o(RESET)
    PWM0Generator0_Handler                   0x00000283   Thumb Code     0  startup.o(RESET)
    PWM0Generator1_Handler                   0x00000283   Thumb Code     0  startup.o(RESET)
    PWM0Generator2_Handler                   0x00000283   Thumb Code     0  startup.o(RESET)
    PWM0Generator3_Handler                   0x00000283   Thumb Code     0  startup.o(RESET)
    PWM1Fault_Handler                        0x00000283   Thumb Code     0  startup.o(RESET)
    PWM1Generator0_Handler                   0x00000283   Thumb Code     0  startup.o(RESET)
    PWM1Generator1_Handler                   0x00000283   Thumb Code     0  startup.o(RESET)
    PWM1Generator2_Handler                   0x00000283   Thumb Code     0  startup.o(RESET)
    PWM1Generator3_Handler                   0x00000283   Thumb Code     0  startup.o(RESET)
    Quadrature0_Handler                      0x00000283   Thumb Code     0  startup.o(RESET)
    Quadrature1_Handler                      0x00000283   Thumb Code     0  startup.o(RESET)
    Quadrature2_Handler                      0x00000283   Thumb Code     0  startup.o(RESET)
    SSI0_Handler                             0x00000283   Thumb Code     0  startup.o(RESET)
    SSI1_Handler                             0x00000283   Thumb Code     0  startup.o(RESET)
    SSI2_Handler                             0x00000283   Thumb Code     0  startup.o(RESET)
    SSI3_Handler                             0x00000283   Thumb Code     0  startup.o(RESET)
    SysCtl_Handler                           0x00000283   Thumb Code     0  startup.o(RESET)
    Timer0B_Handler                          0x00000283   Thumb Code     0  startup.o(RESET)
    Timer1B_Handler                          0x00000283   Thumb Code     0  startup.o(RESET)
    Timer2B_Handler                          0x00000283   Thumb Code     0  startup.o(RESET)
    Timer3A_Handler                          0x00000283   Thumb Code     0  startup.o(RESET)
    Timer3B_Handler                          0x00000283   Thumb Code     0  startup.o(RESET)
    Timer4A_Handler                          0x00000283   Thumb Code     0  startup.o(RESET)
    Timer4B_Handler                          0x00000283   Thumb Code     0  startup.o(RESET)
    Timer5B_Handler                          0x00000283   Thumb Code     0  startup.o(RESET)
    UART0_Handler                            0x00000283   Thumb Code     0  startup.o(RESET)
    UART1_Handler                            0x00000283   Thumb Code     0  startup.o(RESET)
    UART2_Handler                            0x00000283   Thumb Code     0  startup.o(RESET)
    UART3_Handler                            0x00000283   Thumb Code     0  startup.o(RESET)
    UART4_Handler                            0x00000283   Thumb Code     0  startup.o(RESET)
    UART5_Handler                            0x00000283   Thumb Code     0  startup.o(RESET)
    UART6_Handler                            0x00000283   Thumb Code     0  startup.o(RESET)
    UART7_Handler                            0x00000283   Thumb Code     0  startup.o(RESET)
    USB0_Handler                             0x00000283   Thumb Code     0  startup.o(RESET)
    WDT_Handler                              0x00000283   Thumb Code     0  startup.o(RESET)
    WideTimer0A_Handler                      0x00000283   Thumb Code     0  startup.o(RESET)
    WideTimer0B_Handler                      0x00000283   Thumb Code     0  startup.o(RESET)
    WideTimer1A_Handler                      0x00000283   Thumb Code     0  startup.o(RESET)
    WideTimer1B_Handler                      0x00000283   Thumb Code     0  startup.o(RESET)
    WideTimer2A_Handler                      0x00000283   Thumb Code     0  startup.o(RESET)
    WideTimer2B_Handler                      0x00000283   Thumb Code     0  startup.o(RESET)
    WideTimer3A_Handler                      0x00000283   Thumb Code     0  startup.o(RESET)
    WideTimer3B_Handler                      0x00000283   Thumb Code     0  startup.o(RESET)
    WideTimer4A_Handler                      0x00000283   Thumb Code     0  startup.o(RESET)
    WideTimer4B_Handler                      0x00000283   Thumb Code     0  startup.o(RESET)
    WideTimer5A_Handler                      0x00000283   Thumb Code     0  startup.o(RESET)
    WideTimer5B_Handler                      0x00000283   Thumb Code     0  startup.o(RESET)
    uDMA_Error                               0x00000283   Thumb Code     0  startup.o(RESET)
    uDMA_Handler                             0x00000283   Thumb Code     0  startup.o(RESET)
    __main                                   0x00000285   Thumb Code     8  __main.o(!!!main)
    __scatterload                            0x0000028d   Thumb Code     0  __scatter.o(!!!scatter)
    __scatterload_rt2                        0x0000028d   Thumb Code    44  __scatter.o(!!!scatter)
    __scatterload_rt2_thumb_only             0x0000028d   Thumb Code     0  __scatter.o(!!!scatter)
    __scatterload_null                       0x0000029b   Thumb Code     0  __scatter.o(!!!scatter)
    __decompress                             0x000002c1   Thumb Code    90  __dczerorl2.o(!!dczerorl2)
    __decompress1                            0x000002c1   Thumb Code     0  __dczerorl2.o(!!dczerorl2)
    __scatterload_zeroinit                   0x0000031d   Thumb Code    28  __scatter_zi.o(!!handler_zi)
    __rt_lib_init                            0x00000339   Thumb Code     0  libinit.o(.ARM.Collect$$libinit$$00000000)
    __rt_lib_init_alloca_1                   0x0000033b   Thumb Code     0  libinit2.o(.ARM.Collect$$libinit$$0000002E)
    __rt_lib_init_argv_1                     0x0000033b   Thumb Code     0  libinit2.o(.ARM.Collect$$libinit$$0000002C)
    __rt_lib_init_atexit_1                   0x0000033b   Thumb Code     0  libinit2.o(.ARM.Collect$$libinit$$0000001B)
    __rt_lib_init_clock_1                    0x0000033b   Thumb Code     0  libinit2.o(.ARM.Collect$$libinit$$00000021)
    __rt_lib_init_cpp_1                      0x0000033b   Thumb Code     0  libinit2.o(.ARM.Collect$$libinit$$00000032)
    __rt_lib_init_exceptions_1               0x0000033b   Thumb Code     0  libinit2.o(.ARM.Collect$$libinit$$00000030)
    __rt_lib_init_fp_1                       0x0000033b   Thumb Code     0  libinit2.o(.ARM.Collect$$libinit$$00000002)
    __rt_lib_init_fp_trap_1                  0x0000033b   Thumb Code     0  libinit2.o(.ARM.Collect$$libinit$$0000001F)
    __rt_lib_init_getenv_1                   0x0000033b   Thumb Code     0  libinit2.o(.ARM.Collect$$libinit$$00000023)
    __rt_lib_init_heap_1                     0x0000033b   Thumb Code     0  libinit2.o(.ARM.Collect$$libinit$$0000000A)
    __rt_lib_init_lc_collate_1               0x0000033b   Thumb Code     0  libinit2.o(.ARM.Collect$$libinit$$00000011)
    __rt_lib_init_lc_ctype_1                 0x0000033b   Thumb Code     0  libinit2.o(.ARM.Collect$$libinit$$00000013)
    __rt_lib_init_lc_monetary_1              0x0000033b   Thumb Code     0  libinit2.o(.ARM.Collect$$libinit$$00000015)
    __rt_lib_init_lc_numeric_1               0x0000033b   Thumb Code     0  libinit2.o(.ARM.Collect$$libinit$$00000017)
    __rt_lib_init_lc_time_1                  0x0000033b   Thumb Code     0  libinit2.o(.ARM.Collect$$libinit$$00000019)
    __rt_lib_init_preinit_1                  0x0000033b   Thumb Code     0  libinit2.o(.ARM.Collect$$libinit$$00000004)
    __rt_lib_init_rand_1                     0x0000033b   Thumb Code     0  libinit2.o(.ARM.Collect$$libinit$$0000000E)
    __rt_lib_init_return                     0x0000033b   Thumb Code     0  libinit2.o(.ARM.Collect$$libinit$$00000033)
    __rt_lib_init_signal_1                   0x0000033b   Thumb Code     0  libinit2.o(.ARM.Collect$$libinit$$0000001D)
    __rt_lib_init_stdio_1                    0x0000033b   Thumb Code     0  libinit2.o(.ARM.Collect$$libinit$$00000025)
    __rt_lib_init_user_alloc_1               0x0000033b   Thumb Code     0  libinit2.o(.ARM.Collect$$libinit$$0000000C)
    __rt_lib_shutdown                        0x0000033d   Thumb Code     0  libshutdown.o(.ARM.Collect$$libshutdown$$00000000)
    __rt_lib_shutdown_cpp_1                  0x0000033f   Thumb Code     0  libshutdown2.o(.ARM.Collect$$libshutdown$$00000004)
    __rt_lib_shutdown_fini_1                 0x0000033f   Thumb Code     0  libshutdown2.o(.ARM.Collect$$libshutdown$$00000002)
    __rt_lib_shutdown_fp_trap_1              0x0000033f   Thumb Code     0  libshutdown2.o(.ARM.Collect$$libshutdown$$00000009)
    __rt_lib_shutdown_heap_1                 0x0000033f   Thumb Code     0  libshutdown2.o(.ARM.Collect$$libshutdown$$00000011)
    __rt_lib_shutdown_return                 0x0000033f   Thumb Code     0  libshutdown2.o(.ARM.Collect$$libshutdown$$00000012)
    __rt_lib_shutdown_signal_1               0x0000033f   Thumb Code     0  libshutdown2.o(.ARM.Collect$$libshutdown$$0000000C)
    __rt_lib_shutdown_stdio_1                0x0000033f   Thumb Code     0  libshutdown2.o(.ARM.Collect$$libshutdown$$00000006)
    __rt_lib_shutdown_user_alloc_1           0x0000033f   Thumb Code     0  libshutdown2.o(.ARM.Collect$$libshutdown$$0000000E)
    __rt_entry                               0x00000341   Thumb Code     0  __rtentry.o(.ARM.Collect$$rtentry$$00000000)
    __rt_entry_presh_1                       0x00000341   Thumb Code     0  __rtentry2.o(.ARM.Collect$$rtentry$$00000002)
    __rt_entry_sh                            0x00000341   Thumb Code     0  __rtentry4.o(.ARM.Collect$$rtentry$$00000004)
    __rt_entry_li                            0x00000347   Thumb Code     0  __rtentry2.o(.ARM.Collect$$rtentry$$0000000A)
    __rt_entry_postsh_1                      0x00000347   Thumb Code     0  __rtentry2.o(.ARM.Collect$$rtentry$$00000009)
    __rt_entry_main                          0x0000034b   Thumb Code     0  __rtentry2.o(.ARM.Collect$$rtentry$$0000000D)
    __rt_entry_postli_1                      0x0000034b   Thumb Code     0  __rtentry2.o(.ARM.Collect$$rtentry$$0000000C)
    __rt_exit                                0x00000353   Thumb Code     0  rtexit.o(.ARM.Collect$$rtexit$$00000000)
    __rt_exit_ls                             0x00000355   Thumb Code     0  rtexit2.o(.ARM.Collect$$rtexit$$00000003)
    __rt_exit_prels_1                        0x00000355   Thumb Code     0  rtexit2.o(.ARM.Collect$$rtexit$$00000002)
    __rt_exit_exit                           0x00000359   Thumb Code     0  rtexit2.o(.ARM.Collect$$rtexit$$00000004)
    Clock_Delay                              0x00000361   Thumb Code     6  cortexm.o(.emb_text)
    DisableInterrupts                        0x00000369   Thumb Code     0  startup.o(.text)
    EnableInterrupts                         0x0000036d   Thumb Code     0  startup.o(.text)
    StartCritical                            0x00000371   Thumb Code     0  startup.o(.text)
    EndCritical                              0x00000379   Thumb Code     0  startup.o(.text)
    WaitForInterrupt                         0x0000037f   Thumb Code     0  startup.o(.text)
    __user_initial_stackheap                 0x00000383   Thumb Code     0  startup.o(.text)
    Random_Init                              0x00000399   Thumb Code     0  random.o(.text)
    Random32                                 0x000003a3   Thumb Code     2  random.o(.text)
    Random                                   0x000003b5   Thumb Code     2  random.o(.text)
    __use_two_region_memory                  0x000003d9   Thumb Code     2  heapauxi.o(.text)
    __rt_heap_escrow$2region                 0x000003db   Thumb Code     2  heapauxi.o(.text)
    __rt_heap_expand$2region                 0x000003dd   Thumb Code     2  heapauxi.o(.text)
    __user_setup_stackheap                   0x000003df   Thumb Code    74  sys_stackheap_outer.o(.text)
    exit                                     0x00000429   Thumb Code    18  exit.o(.text)
    __user_libspace                          0x0000043d   Thumb Code     8  libspace.o(.text)
    __user_perproc_libspace                  0x0000043d   Thumb Code     0  libspace.o(.text)
    __user_perthread_libspace                0x0000043d   Thumb Code     0  libspace.o(.text)
    _sys_exit                                0x00000445   Thumb Code     8  sys_exit.o(.text)
    __I$use$semihosting                      0x00000451   Thumb Code     0  use_no_semi.o(.text)
    __use_no_semihosting_swi                 0x00000451   Thumb Code     2  use_no_semi.o(.text)
    __semihosting_library_function           0x00000453   Thumb Code     0  indicate_semi.o(.text)
    ADC_In                                   0x00000455   Thumb Code    38  adc.o(i.ADC_In)
    ADC_Init                                 0x00000481   Thumb Code   210  adc.o(i.ADC_Init)
    BigCheck                                 0x0000056d   Thumb Code    56  lab10.o(i.BigCheck)
    Clock_Delay1ms                           0x000005b5   Thumb Code    22  cortexm.o(i.Clock_Delay1ms)
    Convert                                  0x000005cb   Thumb Code    14  lab10.o(i.Convert)
    DAC_Init                                 0x000005d9   Thumb Code    90  dac.o(i.DAC_Init)
    DAC_Out                                  0x00000645   Thumb Code     6  dac.o(i.DAC_Out)
    DebrisMove1                              0x00000651   Thumb Code   250  lab10.o(i.DebrisMove1)
    DebrisMove2                              0x00000761   Thumb Code   174  lab10.o(i.DebrisMove2)
    DebrisMove3                              0x00000821   Thumb Code   174  lab10.o(i.DebrisMove3)
    DebrisMove4                              0x000008e1   Thumb Code   178  lab10.o(i.DebrisMove4)
    Delay100ms                               0x000009a5   Thumb Code    30  lab10.o(i.Delay100ms)
    EnglishStory                             0x000009c9   Thumb Code   506  lab10.o(i.EnglishStory)
    Everything                               0x00000d05   Thumb Code   162  lab10.o(i.Everything)
    FirstSwitchToggle                        0x00000dd9   Thumb Code    18  led_and_switch.o(i.FirstSwitchToggle)
    Gameplay                                 0x00000df5   Thumb Code   592  lab10.o(i.Gameplay)
    GameplayCheck                            0x00001119   Thumb Code   364  lab10.o(i.GameplayCheck)
    GameplayInit                             0x000012dd   Thumb Code   146  lab10.o(i.GameplayInit)
    I2C1_Init                                0x000013b5   Thumb Code   154  i2c1.o(i.I2C1_Init)
    I2C1_Send                                0x00001465   Thumb Code   220  i2c1.o(i.I2C1_Send)
    I2C1_Send2                               0x00001545   Thumb Code   106  i2c1.o(i.I2C1_Send2)
    I2C1_SendData                            0x000015b5   Thumb Code   118  i2c1.o(i.I2C1_SendData)
    I2C3_Init                                0x00001631   Thumb Code   152  i2c3.o(i.I2C3_Init)
    I2C3_Send                                0x000016dd   Thumb Code   220  i2c3.o(i.I2C3_Send)
    I2C3_Send2                               0x000017bd   Thumb Code   106  i2c3.o(i.I2C3_Send2)
    I2C3_SendData                            0x0000182d   Thumb Code   118  i2c3.o(i.I2C3_SendData)
    LED_and_Switch_Init                      0x000018a9   Thumb Code    90  led_and_switch.o(i.LED_and_Switch_Init)
    LED_off                                  0x00001911   Thumb Code    16  led_and_switch.o(i.LED_off)
    LED_on                                   0x00001929   Thumb Code    16  led_and_switch.o(i.LED_on)
    Menu_Select_Language                     0x00001941   Thumb Code   408  lab10.o(i.Menu_Select_Language)
    PLL_Init                                 0x00001b05   Thumb Code   120  texas.o(i.PLL_Init)
    SSD1306_2_ClearBuffer                    0x00001b81   Thumb Code    30  ssd1306_2.o(i.SSD1306_2_ClearBuffer)
    SSD1306_2_DrawBMP                        0x00001ba5   Thumb Code   532  ssd1306_2.o(i.SSD1306_2_DrawBMP)
    SSD1306_2_Init                           0x00001dbd   Thumb Code   158  ssd1306_2.o(i.SSD1306_2_Init)
    SSD1306_2_OutBuffer                      0x00001e79   Thumb Code    30  ssd1306_2.o(i.SSD1306_2_OutBuffer)
    SSD1306_2_OutChar                        0x00001ea1   Thumb Code   238  ssd1306_2.o(i.SSD1306_2_OutChar)
    SSD1306_2_OutClear                       0x00001fa5   Thumb Code    12  ssd1306_2.o(i.SSD1306_2_OutClear)
    SSD1306_2_OutString                      0x00001fb1   Thumb Code    24  ssd1306_2.o(i.SSD1306_2_OutString)
    SSD1306_2_SetCursor                      0x00001fc9   Thumb Code    94  ssd1306_2.o(i.SSD1306_2_SetCursor)
    SSD1306_ClearBuffer                      0x00002039   Thumb Code    30  ssd1306.o(i.SSD1306_ClearBuffer)
    SSD1306_DrawBMP                          0x0000205d   Thumb Code   532  ssd1306.o(i.SSD1306_DrawBMP)
    SSD1306_Init                             0x00002275   Thumb Code   158  ssd1306.o(i.SSD1306_Init)
    SSD1306_OutBuffer                        0x00002331   Thumb Code    30  ssd1306.o(i.SSD1306_OutBuffer)
    SSD1306_OutChar                          0x00002359   Thumb Code   238  ssd1306.o(i.SSD1306_OutChar)
    SSD1306_OutClear                         0x0000245d   Thumb Code    12  ssd1306.o(i.SSD1306_OutClear)
    SSD1306_OutString                        0x00002469   Thumb Code    24  ssd1306.o(i.SSD1306_OutString)
    SSD1306_OutUDec2                         0x00002481   Thumb Code    82  ssd1306.o(i.SSD1306_OutUDec2)
    SSD1306_SetCursor                        0x000024d5   Thumb Code    94  ssd1306.o(i.SSD1306_SetCursor)
    SecondSwitchToggle                       0x00002545   Thumb Code    18  led_and_switch.o(i.SecondSwitchToggle)
    ShieldCheck1                             0x00002561   Thumb Code    46  lab10.o(i.ShieldCheck1)
    ShieldCheck2                             0x0000259d   Thumb Code    46  lab10.o(i.ShieldCheck2)
    ShieldCheck3                             0x000025d9   Thumb Code    46  lab10.o(i.ShieldCheck3)
    ShieldCheck4                             0x00002615   Thumb Code    46  lab10.o(i.ShieldCheck4)
    SpanishStory                             0x00002651   Thumb Code   256  lab10.o(i.SpanishStory)
    SysTick_Handler                          0x0000279d   Thumb Code    18  lab10.o(i.SysTick_Handler)
    SysTick_Init                             0x000027b9   Thumb Code    40  lab10.o(i.SysTick_Init)
    ThirdSwitchToggle                        0x000027e5   Thumb Code    18  led_and_switch.o(i.ThirdSwitchToggle)
    Timer0A_Handler                          0x00002801   Thumb Code    12  timer0.o(i.Timer0A_Handler)
    Timer0A_Stop                             0x00002815   Thumb Code    14  timer0.o(i.Timer0A_Stop)
    Timer0_Init                              0x00002829   Thumb Code    70  timer0.o(i.Timer0_Init)
    Timer1A_Handler                          0x00002881   Thumb Code   140  timer1.o(i.Timer1A_Handler)
    Timer1A_Start                            0x00002929   Thumb Code    14  timer1.o(i.Timer1A_Start)
    Timer1A_Stop                             0x0000293d   Thumb Code    14  timer1.o(i.Timer1A_Stop)
    Timer1_Init                              0x00002951   Thumb Code    70  timer1.o(i.Timer1_Init)
    Timer2A_Handler                          0x000029a9   Thumb Code    16  timer2.o(i.Timer2A_Handler)
    Timer2A_Init                             0x000029c1   Thumb Code    76  timer2.o(i.Timer2A_Init)
    Timer2A_Stop                             0x00002a21   Thumb Code    22  timer2.o(i.Timer2A_Stop)
    Timer5A_Handler                          0x00002a41   Thumb Code    16  texas.o(i.Timer5A_Handler)
    TravelBar                                0x00002a59   Thumb Code   322  lab10.o(i.TravelBar)
    TravelBarReset                           0x00002bc5   Thumb Code    40  lab10.o(i.TravelBarReset)
    main                                     0x00002bf1   Thumb Code    62  lab10.o(i.main)
    playsample                               0x00002c35   Thumb Code    62  sound.o(i.playsample)
    playsound                                0x00002c81   Thumb Code    22  sound.o(i.playsound)
    ssd1306_2command                         0x00002ca1   Thumb Code    16  ssd1306_2.o(i.ssd1306_2command)
    ssd1306_2command1                        0x00002cb1   Thumb Code    16  ssd1306_2.o(i.ssd1306_2command1)
    ssd1306_2commandList                     0x00002cc1   Thumb Code    18  ssd1306_2.o(i.ssd1306_2commandList)
    ssd1306command                           0x00002cd3   Thumb Code    16  ssd1306.o(i.ssd1306command)
    ssd1306command1                          0x00002ce3   Thumb Code    16  ssd1306.o(i.ssd1306command1)
    ssd1306commandList                       0x00002cf3   Thumb Code    18  ssd1306.o(i.ssd1306commandList)
    Tower                                    0x00002d04   Data         239  lab10.o(.constdata)
    Rocket_big                               0x00002df3   Data         959  lab10.o(.constdata)
    Elon_Musk_General_1                      0x000031b2   Data        4215  lab10.o(.constdata)
    Astronaut                                0x00004229   Data        3119  lab10.o(.constdata)
    WHITESCREEN                              0x00004e58   Data        4215  lab10.o(.constdata)
    Shield                                   0x00005ecf   Data         159  lab10.o(.constdata)
    Title_Screen                             0x00005f6e   Data        3063  lab10.o(.constdata)
    Satellite                                0x00006b65   Data         151  lab10.o(.constdata)
    Asteroid                                 0x00006bfc   Data         151  lab10.o(.constdata)
    Aithon_Ship                              0x00006c93   Data         183  lab10.o(.constdata)
    Explosion                                0x00006d4a   Data         151  lab10.o(.constdata)
    Arrow                                    0x00006de1   Data         139  lab10.o(.constdata)
    Asteroid_Animation_1                     0x00006e6c   Data         151  lab10.o(.constdata)
    Asteroid_Animation_2                     0x00006f03   Data         151  lab10.o(.constdata)
    Asteroid_Animation_3                     0x00006f9a   Data         151  lab10.o(.constdata)
    Asteroid_Animation_4                     0x00007031   Data         151  lab10.o(.constdata)
    Mars                                     0x000070c8   Data         887  lab10.o(.constdata)
    Lose_Screen                              0x0000743f   Data        4215  lab10.o(.constdata)
    Win_Screen                               0x000084b6   Data        4215  lab10.o(.constdata)
    Tu_Ganas                                 0x0000952d   Data        4215  lab10.o(.constdata)
    Tu_Pierdas                               0x0000a5a4   Data        4215  lab10.o(.constdata)
    FireWav                                  0x0000b61b   Data        6204  sound.o(.constdata)
    RocketWav                                0x0000ce57   Data       30214  sound.o(.constdata)
    DropWav                                  0x0001445d   Data        3184  sound.o(.constdata)
    ClearWav                                 0x000150cd   Data        5885  sound.o(.constdata)
    Region$$Table$$Base                      0x000173e0   Number         0  anon$$obj.o(Region$$Table)
    Region$$Table$$Limit                     0x00017400   Number         0  anon$$obj.o(Region$$Table)
    BarPercent                               0x20000000   Data         535  lab10.o(.data)
    lose                                     0x20000234   Data           4  lab10.o(.data)
    Position                                 0x20000238   Data           4  lab10.o(.data)
    move1                                    0x2000023c   Data           4  lab10.o(.data)
    move2                                    0x20000240   Data           4  lab10.o(.data)
    move3                                    0x20000244   Data           4  lab10.o(.data)
    move4                                    0x20000248   Data           4  lab10.o(.data)
    chance1                                  0x2000024c   Data           4  lab10.o(.data)
    chance2                                  0x20000250   Data           4  lab10.o(.data)
    chance3                                  0x20000254   Data           4  lab10.o(.data)
    chance4                                  0x20000258   Data           4  lab10.o(.data)
    MailStatus                               0x2000025c   Data           4  lab10.o(.data)
    MailValue                                0x20000260   Data           4  lab10.o(.data)
    send                                     0x20000264   Data           4  lab10.o(.data)
    win                                      0x20000268   Data           4  lab10.o(.data)
    spaceMove                                0x2000026c   Data           4  timer0.o(.data)
    flagBar                                  0x20000270   Data           4  timer1.o(.data)
    activate                                 0x20000274   Data           4  timer1.o(.data)
    shieldOn                                 0x20000278   Data           4  timer1.o(.data)
    sound2play                               0x20000288   Data           1  sound.o(.data)
    sounds                                   0x2000028c   Data          32  sound.o(.data)
    pIndex                                   0x200002ac   Data           4  sound.o(.data)
    vccstate                                 0x200002b0   Data           4  ssd1306.o(.data)
    rotation                                 0x200002b4   Data           4  ssd1306.o(.data)
    StartX                                   0x200002d2   Data           2  ssd1306.o(.data)
    CurrentX                                 0x200002d4   Data           2  ssd1306.o(.data)
    StartY                                   0x200002d6   Data           2  ssd1306.o(.data)
    CurrentY                                 0x200002d8   Data           2  ssd1306.o(.data)
    sendDataPt                               0x200002dc   Data           4  texas.o(.data)
    vccstate_2                               0x200002e0   Data           4  ssd1306_2.o(.data)
    rotation_2                               0x200002e4   Data           4  ssd1306_2.o(.data)
    StartX_2                                 0x20000302   Data           2  ssd1306_2.o(.data)
    CurrentX_2                               0x20000304   Data           2  ssd1306_2.o(.data)
    StartY_2                                 0x20000306   Data           2  ssd1306_2.o(.data)
    CurrentY_2                               0x20000308   Data           2  ssd1306_2.o(.data)
    first                                    0x2000030c   Data           4  led_and_switch.o(.data)
    second                                   0x20000310   Data           4  led_and_switch.o(.data)
    third                                    0x20000314   Data           4  led_and_switch.o(.data)
    time                                     0x20000318   Data           4  led_and_switch.o(.data)
    j                                        0x2000031c   Data           4  led_and_switch.o(.data)
    i                                        0x20000320   Data           4  led_and_switch.o(.data)
    PeriodicTask2                            0x20000324   Data           4  timer2.o(.data)
    buffer                                   0x2000032c   Data        1024  ssd1306.o(.bss)
    buffer_2                                 0x2000072c   Data        1024  ssd1306_2.o(.bss)
    __libspace_start                         0x20000b2c   Data          96  libspace.o(.bss)
    __temporary_stack_top$libspace           0x20000b8c   Data           0  libspace.o(.bss)



==============================================================================

Memory Map of the image

  Image Entry point : 0x0000026d

  Load Region LR_1 (Base: 0x00000000, Size: 0x0001772c, Max: 0xffffffff, ABSOLUTE, COMPRESSED[0x0001747c])

    Execution Region ER_RO (Exec base: 0x00000000, Load base: 0x00000000, Size: 0x00017400, Max: 0xffffffff, ABSOLUTE)

    Exec Addr    Load Addr    Size         Type   Attr      Idx    E Section Name        Object

    0x00000000   0x00000000   0x00000284   Code   RO            3  * RESET               startup.o
    0x00000284   0x00000284   0x00000008   Code   RO         1196  * !!!main             c_w.l(__main.o)
    0x0000028c   0x0000028c   0x00000034   Code   RO         1357    !!!scatter          c_w.l(__scatter.o)
    0x000002c0   0x000002c0   0x0000005a   Code   RO         1355    !!dczerorl2         c_w.l(__dczerorl2.o)
    0x0000031a   0x0000031a   0x00000002   PAD
    0x0000031c   0x0000031c   0x0000001c   Code   RO         1359    !!handler_zi        c_w.l(__scatter_zi.o)
    0x00000338   0x00000338   0x00000002   Code   RO         1223    .ARM.Collect$$libinit$$00000000  c_w.l(libinit.o)
    0x0000033a   0x0000033a   0x00000000   Code   RO         1230    .ARM.Collect$$libinit$$00000002  c_w.l(libinit2.o)
    0x0000033a   0x0000033a   0x00000000   Code   RO         1232    .ARM.Collect$$libinit$$00000004  c_w.l(libinit2.o)
    0x0000033a   0x0000033a   0x00000000   Code   RO         1235    .ARM.Collect$$libinit$$0000000A  c_w.l(libinit2.o)
    0x0000033a   0x0000033a   0x00000000   Code   RO         1237    .ARM.Collect$$libinit$$0000000C  c_w.l(libinit2.o)
    0x0000033a   0x0000033a   0x00000000   Code   RO         1239    .ARM.Collect$$libinit$$0000000E  c_w.l(libinit2.o)
    0x0000033a   0x0000033a   0x00000000   Code   RO         1242    .ARM.Collect$$libinit$$00000011  c_w.l(libinit2.o)
    0x0000033a   0x0000033a   0x00000000   Code   RO         1244    .ARM.Collect$$libinit$$00000013  c_w.l(libinit2.o)
    0x0000033a   0x0000033a   0x00000000   Code   RO         1246    .ARM.Collect$$libinit$$00000015  c_w.l(libinit2.o)
    0x0000033a   0x0000033a   0x00000000   Code   RO         1248    .ARM.Collect$$libinit$$00000017  c_w.l(libinit2.o)
    0x0000033a   0x0000033a   0x00000000   Code   RO         1250    .ARM.Collect$$libinit$$00000019  c_w.l(libinit2.o)
    0x0000033a   0x0000033a   0x00000000   Code   RO         1252    .ARM.Collect$$libinit$$0000001B  c_w.l(libinit2.o)
    0x0000033a   0x0000033a   0x00000000   Code   RO         1254    .ARM.Collect$$libinit$$0000001D  c_w.l(libinit2.o)
    0x0000033a   0x0000033a   0x00000000   Code   RO         1256    .ARM.Collect$$libinit$$0000001F  c_w.l(libinit2.o)
    0x0000033a   0x0000033a   0x00000000   Code   RO         1258    .ARM.Collect$$libinit$$00000021  c_w.l(libinit2.o)
    0x0000033a   0x0000033a   0x00000000   Code   RO         1260    .ARM.Collect$$libinit$$00000023  c_w.l(libinit2.o)
    0x0000033a   0x0000033a   0x00000000   Code   RO         1262    .ARM.Collect$$libinit$$00000025  c_w.l(libinit2.o)
    0x0000033a   0x0000033a   0x00000000   Code   RO         1266    .ARM.Collect$$libinit$$0000002C  c_w.l(libinit2.o)
    0x0000033a   0x0000033a   0x00000000   Code   RO         1268    .ARM.Collect$$libinit$$0000002E  c_w.l(libinit2.o)
    0x0000033a   0x0000033a   0x00000000   Code   RO         1270    .ARM.Collect$$libinit$$00000030  c_w.l(libinit2.o)
    0x0000033a   0x0000033a   0x00000000   Code   RO         1272    .ARM.Collect$$libinit$$00000032  c_w.l(libinit2.o)
    0x0000033a   0x0000033a   0x00000002   Code   RO         1273    .ARM.Collect$$libinit$$00000033  c_w.l(libinit2.o)
    0x0000033c   0x0000033c   0x00000002   Code   RO         1293    .ARM.Collect$$libshutdown$$00000000  c_w.l(libshutdown.o)
    0x0000033e   0x0000033e   0x00000000   Code   RO         1306    .ARM.Collect$$libshutdown$$00000002  c_w.l(libshutdown2.o)
    0x0000033e   0x0000033e   0x00000000   Code   RO         1308    .ARM.Collect$$libshutdown$$00000004  c_w.l(libshutdown2.o)
    0x0000033e   0x0000033e   0x00000000   Code   RO         1310    .ARM.Collect$$libshutdown$$00000006  c_w.l(libshutdown2.o)
    0x0000033e   0x0000033e   0x00000000   Code   RO         1313    .ARM.Collect$$libshutdown$$00000009  c_w.l(libshutdown2.o)
    0x0000033e   0x0000033e   0x00000000   Code   RO         1316    .ARM.Collect$$libshutdown$$0000000C  c_w.l(libshutdown2.o)
    0x0000033e   0x0000033e   0x00000000   Code   RO         1318    .ARM.Collect$$libshutdown$$0000000E  c_w.l(libshutdown2.o)
    0x0000033e   0x0000033e   0x00000000   Code   RO         1321    .ARM.Collect$$libshutdown$$00000011  c_w.l(libshutdown2.o)
    0x0000033e   0x0000033e   0x00000002   Code   RO         1322    .ARM.Collect$$libshutdown$$00000012  c_w.l(libshutdown2.o)
    0x00000340   0x00000340   0x00000000   Code   RO         1198    .ARM.Collect$$rtentry$$00000000  c_w.l(__rtentry.o)
    0x00000340   0x00000340   0x00000000   Code   RO         1200    .ARM.Collect$$rtentry$$00000002  c_w.l(__rtentry2.o)
    0x00000340   0x00000340   0x00000006   Code   RO         1212    .ARM.Collect$$rtentry$$00000004  c_w.l(__rtentry4.o)
    0x00000346   0x00000346   0x00000000   Code   RO         1202    .ARM.Collect$$rtentry$$00000009  c_w.l(__rtentry2.o)
    0x00000346   0x00000346   0x00000004   Code   RO         1203    .ARM.Collect$$rtentry$$0000000A  c_w.l(__rtentry2.o)
    0x0000034a   0x0000034a   0x00000000   Code   RO         1205    .ARM.Collect$$rtentry$$0000000C  c_w.l(__rtentry2.o)
    0x0000034a   0x0000034a   0x00000008   Code   RO         1206    .ARM.Collect$$rtentry$$0000000D  c_w.l(__rtentry2.o)
    0x00000352   0x00000352   0x00000002   Code   RO         1227    .ARM.Collect$$rtexit$$00000000  c_w.l(rtexit.o)
    0x00000354   0x00000354   0x00000000   Code   RO         1275    .ARM.Collect$$rtexit$$00000002  c_w.l(rtexit2.o)
    0x00000354   0x00000354   0x00000004   Code   RO         1276    .ARM.Collect$$rtexit$$00000003  c_w.l(rtexit2.o)
    0x00000358   0x00000358   0x00000006   Code   RO         1277    .ARM.Collect$$rtexit$$00000004  c_w.l(rtexit2.o)
    0x0000035e   0x0000035e   0x00000002   PAD
    0x00000360   0x00000360   0x00000006   Code   RO          257    .emb_text           cortexm.o
    0x00000366   0x00000366   0x00000002   PAD
    0x00000368   0x00000368   0x00000030   Code   RO            4    .text               startup.o
    0x00000398   0x00000398   0x00000040   Code   RO           13    .text               random.o
    0x000003d8   0x000003d8   0x00000006   Code   RO         1194    .text               c_w.l(heapauxi.o)
    0x000003de   0x000003de   0x0000004a   Code   RO         1214    .text               c_w.l(sys_stackheap_outer.o)
    0x00000428   0x00000428   0x00000012   Code   RO         1216    .text               c_w.l(exit.o)
    0x0000043a   0x0000043a   0x00000002   PAD
    0x0000043c   0x0000043c   0x00000008   Code   RO         1224    .text               c_w.l(libspace.o)
    0x00000444   0x00000444   0x0000000c   Code   RO         1285    .text               c_w.l(sys_exit.o)
    0x00000450   0x00000450   0x00000002   Code   RO         1296    .text               c_w.l(use_no_semi.o)
    0x00000452   0x00000452   0x00000000   Code   RO         1298    .text               c_w.l(indicate_semi.o)
    0x00000452   0x00000452   0x00000002   PAD
    0x00000454   0x00000454   0x0000002c   Code   RO          291    i.ADC_In            adc.o
    0x00000480   0x00000480   0x000000ec   Code   RO          292    i.ADC_Init          adc.o
    0x0000056c   0x0000056c   0x00000048   Code   RO           20    i.BigCheck          lab10.o
    0x000005b4   0x000005b4   0x00000016   Code   RO          258    i.Clock_Delay1ms    cortexm.o
    0x000005ca   0x000005ca   0x0000000e   Code   RO           21    i.Convert           lab10.o
    0x000005d8   0x000005d8   0x0000006c   Code   RO          273    i.DAC_Init          dac.o
    0x00000644   0x00000644   0x0000000c   Code   RO          274    i.DAC_Out           dac.o
    0x00000650   0x00000650   0x00000110   Code   RO           22    i.DebrisMove1       lab10.o
    0x00000760   0x00000760   0x000000c0   Code   RO           23    i.DebrisMove2       lab10.o
    0x00000820   0x00000820   0x000000c0   Code   RO           24    i.DebrisMove3       lab10.o
    0x000008e0   0x000008e0   0x000000c4   Code   RO           25    i.DebrisMove4       lab10.o
    0x000009a4   0x000009a4   0x00000024   Code   RO           26    i.Delay100ms        lab10.o
    0x000009c8   0x000009c8   0x0000033c   Code   RO           28    i.EnglishStory      lab10.o
    0x00000d04   0x00000d04   0x000000d4   Code   RO           29    i.Everything        lab10.o
    0x00000dd8   0x00000dd8   0x0000001c   Code   RO         1113    i.FirstSwitchToggle  led_and_switch.o
    0x00000df4   0x00000df4   0x00000324   Code   RO           30    i.Gameplay          lab10.o
    0x00001118   0x00001118   0x000001c4   Code   RO           31    i.GameplayCheck     lab10.o
    0x000012dc   0x000012dc   0x000000d8   Code   RO           32    i.GameplayInit      lab10.o
    0x000013b4   0x000013b4   0x000000b0   Code   RO          784    i.I2C1_Init         i2c1.o
    0x00001464   0x00001464   0x000000e0   Code   RO          789    i.I2C1_Send         i2c1.o
    0x00001544   0x00001544   0x00000070   Code   RO          791    i.I2C1_Send2        i2c1.o
    0x000015b4   0x000015b4   0x0000007c   Code   RO          793    i.I2C1_SendData     i2c1.o
    0x00001630   0x00001630   0x000000ac   Code   RO          403    i.I2C3_Init         i2c3.o
    0x000016dc   0x000016dc   0x000000e0   Code   RO          408    i.I2C3_Send         i2c3.o
    0x000017bc   0x000017bc   0x00000070   Code   RO          410    i.I2C3_Send2        i2c3.o
    0x0000182c   0x0000182c   0x0000007c   Code   RO          412    i.I2C3_SendData     i2c3.o
    0x000018a8   0x000018a8   0x00000068   Code   RO         1114    i.LED_and_Switch_Init  led_and_switch.o
    0x00001910   0x00001910   0x00000018   Code   RO         1116    i.LED_off           led_and_switch.o
    0x00001928   0x00001928   0x00000018   Code   RO         1117    i.LED_on            led_and_switch.o
    0x00001940   0x00001940   0x000001c4   Code   RO           34    i.Menu_Select_Language  lab10.o
    0x00001b04   0x00001b04   0x0000007c   Code   RO          740    i.PLL_Init          texas.o
    0x00001b80   0x00001b80   0x00000024   Code   RO          853    i.SSD1306_2_ClearBuffer  ssd1306_2.o
    0x00001ba4   0x00001ba4   0x00000218   Code   RO          855    i.SSD1306_2_DrawBMP  ssd1306_2.o
    0x00001dbc   0x00001dbc   0x000000bc   Code   RO          865    i.SSD1306_2_Init    ssd1306_2.o
    0x00001e78   0x00001e78   0x00000028   Code   RO          867    i.SSD1306_2_OutBuffer  ssd1306_2.o
    0x00001ea0   0x00001ea0   0x00000104   Code   RO          868    i.SSD1306_2_OutChar  ssd1306_2.o
    0x00001fa4   0x00001fa4   0x0000000c   Code   RO          869    i.SSD1306_2_OutClear  ssd1306_2.o
    0x00001fb0   0x00001fb0   0x00000018   Code   RO          873    i.SSD1306_2_OutString  ssd1306_2.o
    0x00001fc8   0x00001fc8   0x00000070   Code   RO          879    i.SSD1306_2_SetCursor  ssd1306_2.o
    0x00002038   0x00002038   0x00000024   Code   RO          472    i.SSD1306_ClearBuffer  ssd1306.o
    0x0000205c   0x0000205c   0x00000218   Code   RO          474    i.SSD1306_DrawBMP   ssd1306.o
    0x00002274   0x00002274   0x000000bc   Code   RO          484    i.SSD1306_Init      ssd1306.o
    0x00002330   0x00002330   0x00000028   Code   RO          486    i.SSD1306_OutBuffer  ssd1306.o
    0x00002358   0x00002358   0x00000104   Code   RO          487    i.SSD1306_OutChar   ssd1306.o
    0x0000245c   0x0000245c   0x0000000c   Code   RO          488    i.SSD1306_OutClear  ssd1306.o
    0x00002468   0x00002468   0x00000018   Code   RO          492    i.SSD1306_OutString  ssd1306.o
    0x00002480   0x00002480   0x00000052   Code   RO          495    i.SSD1306_OutUDec2  ssd1306.o
    0x000024d2   0x000024d2   0x00000002   PAD
    0x000024d4   0x000024d4   0x00000070   Code   RO          498    i.SSD1306_SetCursor  ssd1306.o
    0x00002544   0x00002544   0x0000001c   Code   RO         1118    i.SecondSwitchToggle  led_and_switch.o
    0x00002560   0x00002560   0x0000003c   Code   RO           37    i.ShieldCheck1      lab10.o
    0x0000259c   0x0000259c   0x0000003c   Code   RO           38    i.ShieldCheck2      lab10.o
    0x000025d8   0x000025d8   0x0000003c   Code   RO           39    i.ShieldCheck3      lab10.o
    0x00002614   0x00002614   0x0000003c   Code   RO           40    i.ShieldCheck4      lab10.o
    0x00002650   0x00002650   0x0000014c   Code   RO           41    i.SpanishStory      lab10.o
    0x0000279c   0x0000279c   0x0000001c   Code   RO           42    i.SysTick_Handler   lab10.o
    0x000027b8   0x000027b8   0x0000002c   Code   RO           43    i.SysTick_Init      lab10.o
    0x000027e4   0x000027e4   0x0000001c   Code   RO         1119    i.ThirdSwitchToggle  led_and_switch.o
    0x00002800   0x00002800   0x00000014   Code   RO          309    i.Timer0A_Handler   timer0.o
    0x00002814   0x00002814   0x00000014   Code   RO          311    i.Timer0A_Stop      timer0.o
    0x00002828   0x00002828   0x00000058   Code   RO          312    i.Timer0_Init       timer0.o
    0x00002880   0x00002880   0x000000a8   Code   RO          342    i.Timer1A_Handler   timer1.o
    0x00002928   0x00002928   0x00000014   Code   RO          343    i.Timer1A_Start     timer1.o
    0x0000293c   0x0000293c   0x00000014   Code   RO          344    i.Timer1A_Stop      timer1.o
    0x00002950   0x00002950   0x00000058   Code   RO          345    i.Timer1_Init       timer1.o
    0x000029a8   0x000029a8   0x00000018   Code   RO         1165    i.Timer2A_Handler   timer2.o
    0x000029c0   0x000029c0   0x00000060   Code   RO         1166    i.Timer2A_Init      timer2.o
    0x00002a20   0x00002a20   0x00000020   Code   RO         1167    i.Timer2A_Stop      timer2.o
    0x00002a40   0x00002a40   0x00000018   Code   RO          743    i.Timer5A_Handler   texas.o
    0x00002a58   0x00002a58   0x0000016c   Code   RO           44    i.TravelBar         lab10.o
    0x00002bc4   0x00002bc4   0x0000002c   Code   RO           45    i.TravelBarReset    lab10.o
    0x00002bf0   0x00002bf0   0x00000044   Code   RO           46    i.main              lab10.o
    0x00002c34   0x00002c34   0x0000004c   Code   RO          375    i.playsample        sound.o
    0x00002c80   0x00002c80   0x00000020   Code   RO          376    i.playsound         sound.o
    0x00002ca0   0x00002ca0   0x00000010   Code   RO          889    i.ssd1306_2command  ssd1306_2.o
    0x00002cb0   0x00002cb0   0x00000010   Code   RO          890    i.ssd1306_2command1  ssd1306_2.o
    0x00002cc0   0x00002cc0   0x00000012   Code   RO          891    i.ssd1306_2commandList  ssd1306_2.o
    0x00002cd2   0x00002cd2   0x00000010   Code   RO          508    i.ssd1306command    ssd1306.o
    0x00002ce2   0x00002ce2   0x00000010   Code   RO          509    i.ssd1306command1   ssd1306.o
    0x00002cf2   0x00002cf2   0x00000012   Code   RO          510    i.ssd1306commandList  ssd1306.o
    0x00002d04   0x00002d04   0x00008917   Data   RO           47    .constdata          lab10.o
    0x0000b61b   0x0000b61b   0x0000b1af   Data   RO          377    .constdata          sound.o
    0x000167ca   0x000167ca   0x000005a3   Data   RO          514    .constdata          ssd1306.o
    0x00016d6d   0x00016d6d   0x000005a3   Data   RO          895    .constdata          ssd1306_2.o
    0x00017310   0x00017310   0x000000d0   Data   RO           48    .conststring        lab10.o
    0x000173e0   0x000173e0   0x00000020   Data   RO         1353    Region$$Table       anon$$obj.o


    Execution Region ER_RW (Exec base: 0x20000000, Load base: 0x00017400, Size: 0x0000032c, Max: 0xffffffff, ABSOLUTE, COMPRESSED[0x0000007c])

    Exec Addr    Load Addr    Size         Type   Attr      Idx    E Section Name        Object

    0x20000000   COMPRESSED   0x0000026c   Data   RW           49    .data               lab10.o
    0x2000026c   COMPRESSED   0x00000004   Data   RW          313    .data               timer0.o
    0x20000270   COMPRESSED   0x00000018   Data   RW          346    .data               timer1.o
    0x20000288   COMPRESSED   0x00000028   Data   RW          378    .data               sound.o
    0x200002b0   COMPRESSED   0x0000002a   Data   RW          515    .data               ssd1306.o
    0x200002da   COMPRESSED   0x00000002   PAD
    0x200002dc   COMPRESSED   0x00000004   Data   RW          745    .data               texas.o
    0x200002e0   COMPRESSED   0x0000002a   Data   RW          896    .data               ssd1306_2.o
    0x2000030a   COMPRESSED   0x00000002   PAD
    0x2000030c   COMPRESSED   0x00000018   Data   RW         1120    .data               led_and_switch.o
    0x20000324   COMPRESSED   0x00000004   Data   RW         1168    .data               timer2.o
    0x20000328   COMPRESSED   0x00000004   Data   RW           12    DATA                random.o


    Execution Region ER_ZI (Exec base: 0x2000032c, Load base: 0x0001747c, Size: 0x00000c64, Max: 0xffffffff, ABSOLUTE)

    Exec Addr    Load Addr    Size         Type   Attr      Idx    E Section Name        Object

    0x2000032c        -       0x00000400   Zero   RW          513    .bss                ssd1306.o
    0x2000072c        -       0x00000400   Zero   RW          894    .bss                ssd1306_2.o
    0x20000b2c        -       0x00000060   Zero   RW         1225    .bss                c_w.l(libspace.o)
    0x20000b8c   0x0001747c   0x00000004   PAD
    0x20000b90        -       0x00000000   Zero   RW            2    HEAP                startup.o
    0x20000b90        -       0x00000400   Zero   RW            1    STACK               startup.o


==============================================================================

Image component sizes


      Code (inc. data)   RO Data    RW Data    ZI Data      Debug   Object Name

       280         32          0          0          0        888   adc.o
        28          0          0          0          0        801   cortexm.o
       120         24          0          0          0        809   dac.o
       636         38          0          0          0       3121   i2c1.o
       632         36          0          0          0       3129   i2c3.o
      5058       1082      35303        620          0      19706   lab10.o
       236         60          0         24          0       2852   led_and_switch.o
        64         14          0          4          0        232   random.o
       108         24      45487         40          0       1807   sound.o
      1340         90       1443         42       1024       9254   ssd1306.o
      1258         90       1443         42       1024       8947   ssd1306_2.o
       692        632          0          0       1024        972   startup.o
       148         12          0          4          0       2114   texas.o
       128         32          0          4          0       1419   timer0.o
       296         58          0         24          0       1999   timer1.o
       152         38          0          4          0       1852   timer2.o

    ----------------------------------------------------------------------
     11180       2262      83708        812       3072      59902   Object Totals
         0          0         32          0          0          0   (incl. Generated)
         4          0          0          4          0          0   (incl. Padding)

    ----------------------------------------------------------------------

      Code (inc. data)   RO Data    RW Data    ZI Data      Debug   Library Member Name

        90          0          0          0          0          0   __dczerorl2.o
         8          0          0          0          0         68   __main.o
         0          0          0          0          0          0   __rtentry.o
        12          0          0          0          0          0   __rtentry2.o
         6          0          0          0          0          0   __rtentry4.o
        52          8          0          0          0          0   __scatter.o
        28          0          0          0          0          0   __scatter_zi.o
        18          0          0          0          0         80   exit.o
         6          0          0          0          0        152   heapauxi.o
         0          0          0          0          0          0   indicate_semi.o
         2          0          0          0          0          0   libinit.o
         2          0          0          0          0          0   libinit2.o
         2          0          0          0          0          0   libshutdown.o
         2          0          0          0          0          0   libshutdown2.o
         8          4          0          0         96         68   libspace.o
         2          0          0          0          0          0   rtexit.o
        10          0          0          0          0          0   rtexit2.o
        12          4          0          0          0         68   sys_exit.o
        74          0          0          0          0         80   sys_stackheap_outer.o
         2          0          0          0          0         68   use_no_semi.o

    ----------------------------------------------------------------------
       344         16          0          0        100        584   Library Totals
         8          0          0          0          4          0   (incl. Padding)

    ----------------------------------------------------------------------

      Code (inc. data)   RO Data    RW Data    ZI Data      Debug   Library Name

       336         16          0          0         96        584   c_w.l

    ----------------------------------------------------------------------
       344         16          0          0        100        584   Library Totals

    ----------------------------------------------------------------------

==============================================================================


      Code (inc. data)   RO Data    RW Data    ZI Data      Debug   

     11524       2278      83708        812       3172      56374   Grand Totals
     11524       2278      83708        124       3172      56374   ELF Image Totals (compressed)
     11524       2278      83708        124          0          0   ROM Totals

==============================================================================

    Total RO  Size (Code + RO Data)                95232 (  93.00kB)
    Total RW  Size (RW Data + ZI Data)              3984 (   3.89kB)
    Total ROM Size (Code + RO Data + RW Data)      95356 (  93.12kB)

==============================================================================

